 rmx_automation

 Timestamp is 4fa73819 (Sun May 06 19:48:57 2012)

 Preferred load address is 00400000

 Start         Length     Name                   Class
 0001:00000000 00074a15H .textbss                DATA
 0002:00000000 000e8d22H .text                   CODE
 0002:000e8d30 00007ff6H .text$x                 CODE
 0002:000f0d30 0000111eH .text$yc                CODE
 0002:000f1e50 000010edH .text$yd                CODE
 0003:00000000 00000104H .CRT$XCA                DATA
 0003:00000104 00000104H .CRT$XCAA               DATA
 0003:00000208 00000112H .CRT$XCU                DATA
 0003:0000031c 00000104H .CRT$XCZ                DATA
 0003:00000420 00000104H .CRT$XIA                DATA
 0003:00000524 00000104H .CRT$XIAA               DATA
 0003:00000628 00000104H .CRT$XIC                DATA
 0003:0000072c 00000104H .CRT$XIY                DATA
 0003:00000830 00000104H .CRT$XIZ                DATA
 0003:00000934 00000004H .CRT$XLA                DATA
 0003:00000938 00000004H .CRT$XLZ                DATA
 0003:00000940 0000f692H .rdata                  DATA
 0003:0000ffd4 0000011cH .rdata$T                DATA
 0003:000100f0 0000016dH .rdata$debug            DATA
 0003:00010260 00002e8bH .rdata$r                DATA
 0003:000130ec 00000104H .rtc$IAA                DATA
 0003:000131f0 0000021bH .rtc$IMZ                DATA
 0003:0001340c 00000104H .rtc$IZZ                DATA
 0003:00013510 00000104H .rtc$TAA                DATA
 0003:00013614 0000021bH .rtc$TMZ                DATA
 0003:00013830 00000104H .rtc$TZZ                DATA
 0003:00013938 00005e52H .xdata$x                DATA
 0003:00019790 00000178H .edata                  DATA
 0004:00000000 00003316H .data                   DATA
 0004:00003320 00000c98H .bss                    DATA
 0005:00000000 00000078H .idata$2                DATA
 0005:00000078 00000014H .idata$3                DATA
 0005:0000008c 00000500H .idata$4                DATA
 0005:0000058c 00000500H .idata$5                DATA
 0005:00000a8c 000010ecH .idata$6                DATA
 0006:00000000 00000101H .tls                    DATA
 0006:00000108 000001e1H .tls$                   DATA
 0006:000002e9 00000101H .tls$ZZZ                DATA
 0007:00000000 00000610H .rsrc$01                DATA
 0007:00000610 0001a059H .rsrc$02                DATA

  Address         Publics by Value              Rva+Base       Lib:Object

 0000:00000000       ___safe_se_handler_count   00000000     <absolute>
 0000:00000000       __except_list              00000000     <absolute>
 0000:00000000       ___safe_se_handler_table   00000000     <absolute>
 0000:0000002c       __tls_array                0000002c     <absolute>
 0000:00009876       __ldused                   00009876     <absolute>
 0000:00009876       __fltused                  00009876     <absolute>
 0000:00000000       ___ImageBase               00400000     <linker-defined>
 0001:00000000       __enc$textbss$begin        00401000     <linker-defined>
 0001:00074a15       __enc$textbss$end          00475a15     <linker-defined>
 0002:00005b60       _WinMain@16                0047bb60 f   main.obj
 0002:00005dd0       ?setInstance@vWin32@@SAXPAUHINSTANCE__@@@Z 0047bdd0 f i main.obj
 0002:00005e10       ??0saPlugins@@QAE@XZ       0047be10 f   main.obj
 0002:00006020       ?onRmxPostLoad@vPluginLoader@@MAEXXZ 0047c020 f i main.obj
 0002:00006060       ?setMasterPlugin@vPluginLoader@@QAEXPAVrmxMasterPlugin@@@Z 0047c060 f i main.obj
 0002:000060b0       ??_GsaPlugins@@UAEPAXI@Z   0047c0b0 f i main.obj
 0002:000060b0       ??_EsaPlugins@@UAEPAXI@Z   0047c0b0 f i main.obj
 0002:00006120       ??1saPlugins@@UAE@XZ       0047c120 f   main.obj
 0002:00006190       ?initMasterLists@saPlugins@@MAEXPAVrmxMasterPlugin@@@Z 0047c190 f   main.obj
 0002:000063f0       ?initMasterLists@vPluginLoader@@MAEXPAVrmxMasterPlugin@@@Z 0047c3f0 f i main.obj
 0002:00006430       ??0saExitFunction@@QAE@PAVcfgRoot@@@Z 0047c430 f i main.obj
 0002:000064c0       ?cb_cfgMessage@cbBase@@MAEXW4cbMessage@@PAVcfgBase@@PBD@Z 0047c4c0 f i main.obj
 0002:00006500       ?cb_cfgMessage@cbBase@@MAEXW4cbMessage@@PAVcfgBase@@_J@Z 0047c500 f i main.obj
 0002:00006540       ?cb_cfgMessage@cbBase@@MAEXW4cbMessage@@PAVcfgBase@@PBV3@2@Z 0047c540 f i main.obj
 0002:00006580       ?onInitConfig@cfgBase@@UAEXXZ 0047c580 f i main.obj
 0002:000065c0       ?onFirstLoad@cfgBase@@UAEXXZ 0047c5c0 f i main.obj
 0002:00006600       ?validateUserData@cfgBase@@UAEXPAVprmBase@@@Z 0047c600 f i main.obj
 0002:00006640       ?onNewExternalChild@cfgBase@@UAEPAV1@PBD0PAVvHPARAMLIST@@@Z 0047c640 f i main.obj
 0002:00006680       ?isCorrectChild@cfgBase@@MBEHPAV1@PAVvHPARAMLIST@@@Z 0047c680 f i main.obj
 0002:000066c0       ?onNewExternalParam@cfgBase@@UAEPAVprmBase@@PBD0@Z 0047c6c0 f i main.obj
 0002:00006700       ?getMessageName@funcBase@@MAEPBDPAVvHPLUGIN@@PAVvHLIST@@@Z 0047c700 f i main.obj
 0002:00006760       ?getName@cfgBase@@QBEPBDXZ 0047c760 f i main.obj
 0002:000067c0       ?getValueSafe@rmxData@@QBEPBDPBD@Z 0047c7c0 f i main.obj
 0002:00006840       ?onActivated@saExitFunction@@MAEXPAVvHPLUGIN@@PAVvHLIST@@1H@Z 0047c840 f i main.obj
 0002:000068a0       ??_GsaExitFunction@@UAEPAXI@Z 0047c8a0 f i main.obj
 0002:000068a0       ??_EsaExitFunction@@UAEPAXI@Z 0047c8a0 f i main.obj
 0002:00006910       ??1saExitFunction@@UAE@XZ  0047c910 f i main.obj
 0002:00006990       ??0saTest@@QAE@PAVcfgRoot@@@Z 0047c990 f i main.obj
 0002:00006a20       ?onActivated@saTest@@MAEXPAVvHPLUGIN@@PAVvHLIST@@1H@Z 0047ca20 f i main.obj
 0002:00006a60       ??_GsaTest@@UAEPAXI@Z      0047ca60 f i main.obj
 0002:00006a60       ??_EsaTest@@UAEPAXI@Z      0047ca60 f i main.obj
 0002:00006ad0       ??1saTest@@UAE@XZ          0047cad0 f i main.obj
 0002:00006b50       ??0saLaunch@@QAE@PAVcfgRoot@@@Z 0047cb50 f   main.obj
 0002:00006d20       ??_GsaLaunch@@UAEPAXI@Z    0047cd20 f i main.obj
 0002:00006d20       ??_EsaLaunch@@UAEPAXI@Z    0047cd20 f i main.obj
 0002:00006d90       ??1saLaunch@@UAE@XZ        0047cd90 f   main.obj
 0002:00006e70       ?getMasterPlugin@vPluginLoader@@QBEPAVrmxMasterPlugin@@XZ 0047ce70 f i main.obj
 0002:00006eb0       ?onActivated@saLaunch@@MAEXPAVvHPLUGIN@@PAVvHLIST@@1H@Z 0047ceb0 f   main.obj
 0002:00007020       ?getPlugin@vPluginLoader@@QBEPAVvPlugin@@PAVvHPLUGIN@@@Z 0047d020 f i main.obj
 0002:00007090       ?list_getParam@vPlugin@@QBEPBDPAVvHLIST@@PBD@Z 0047d090 f i main.obj
 0002:00007120       ??0saLaunchThread@@QAE@PBD0@Z 0047d120 f i main.obj
 0002:00007200       ??0rmxString@@QAE@PBD@Z    0047d200 f i main.obj
 0002:00007270       ??1rmxString@@UAE@XZ       0047d270 f i main.obj
 0002:000072d0       ??_GrmxString@@UAEPAXI@Z   0047d2d0 f i main.obj
 0002:000072d0       ??_ErmxString@@UAEPAXI@Z   0047d2d0 f i main.obj
 0002:00007340       ?onThreadPreBegin@rmxThread@@MAEXXZ 0047d340 f i main.obj
 0002:00007380       ?onThreadPostBegin@rmxThread@@MAEXXZ 0047d380 f i main.obj
 0002:000073c0       ?onThreadPreEnd@rmxThread@@MAEXXZ 0047d3c0 f i main.obj
 0002:00007400       ?onThreadPostEnd@rmxThread@@MAEXXZ 0047d400 f i main.obj
 0002:00007440       ?onPriorityChange@rmxThread@@MAEXXZ 0047d440 f i main.obj
 0002:00007480       ??_GsaLaunchThread@@UAEPAXI@Z 0047d480 f i main.obj
 0002:00007480       ??_EsaLaunchThread@@UAEPAXI@Z 0047d480 f i main.obj
 0002:000074f0       ??1saLaunchThread@@UAE@XZ  0047d4f0 f i main.obj
 0002:000075b0       ?threadProc@saLaunchThread@@UAEHXZ 0047d5b0 f   main.obj
 0002:00007740       ?getBuffer@rmxUtf8ToWide@@QAEPB_WXZ 0047d740 f i main.obj
 0002:00007780       ??BCBString@Bstrlib@@QBEPBDXZ 0047d780 f i main.obj
 0002:000077c0       ?threadProc@rmxThread@@UAEHXZ 0047d7c0 f i main.obj
 0002:00007810       ?onItemMoved@?$rmxList@PAVcfgBase@@@@MAEXPAVcfgBase@@0@Z 0047d810 f i main.obj
 0002:00007850       ?hasItem@?$rmxList@PAVvPlugin@@@@QBEHPAVvPlugin@@@Z 0047d850 f i main.obj
 0002:000078b0       ?findItem@?$rmxList@PAVvPlugin@@@@ABEPAUvtagLIST@1@PAVvPlugin@@@Z 0047d8b0 f i main.obj
 0002:00007990       ??_EsaExitFunction@@WCI@AEPAXI@Z 0047d990 f i main.obj
 0002:000079a0       ??_EsaExitFunction@@WEI@AEPAXI@Z 0047d9a0 f i main.obj
 0002:000079b0       ??_EsaLaunch@@WCI@AEPAXI@Z 0047d9b0 f i main.obj
 0002:000079c0       ??_EsaLaunch@@WEI@AEPAXI@Z 0047d9c0 f i main.obj
 0002:000079d0       ??_EsaTest@@WCI@AEPAXI@Z   0047d9d0 f i main.obj
 0002:000079e0       ??_EsaTest@@WEI@AEPAXI@Z   0047d9e0 f i main.obj
 0002:000079ea       _SetProcessWorkingSetSize@12 0047d9ea f   kernel32:KERNEL32.dll
 0002:000079f0       _GetCurrentProcess@0       0047d9f0 f   kernel32:KERNEL32.dll
 0002:000079f6       _DispatchMessageW@4        0047d9f6 f   user32:USER32.dll
 0002:000079fc       _TranslateMessage@4        0047d9fc f   user32:USER32.dll
 0002:00007a02       _MessageBoxW@16            0047da02 f   user32:USER32.dll
 0002:00007a08       _GetMessageW@16            0047da08 f   user32:USER32.dll
 0002:00007a0e       _ShowWindow@8              0047da0e f   user32:USER32.dll
 0002:00007a14       _SendMessageW@16           0047da14 f   user32:USER32.dll
 0002:00007a1a       _FindWindowA@8             0047da1a f   user32:USER32.dll
 0002:00007a20       _PostQuitMessage@4         0047da20 f   user32:USER32.dll
 0002:00007a26       _ShellExecuteW@24          0047da26 f   shell32:SHELL32.dll
 0002:00007a30       ??0vPluginLoader@@QAE@XZ   0047da30 f   rmx core:Loader.obj
 0002:00007f40       ?beginTransaction@vSqlite@@QAEHXZ 0047df40 f i rmx core:Loader.obj
 0002:00007fa0       ?commitTransaction@vSqlite@@QAEHXZ 0047dfa0 f i rmx core:Loader.obj
 0002:00008000       ??0rmx_server@@QAE@XZ      0047e000 f i rmx core:Loader.obj
 0002:000080e0       ?onTimer@rmx_server@@UAEXK@Z 0047e0e0 f i rmx core:Loader.obj
 0002:00008140       ??_Ermx_server@@UAEPAXI@Z  0047e140 f i rmx core:Loader.obj
 0002:00008140       ??_Grmx_server@@UAEPAXI@Z  0047e140 f i rmx core:Loader.obj
 0002:000081b0       ??1rmx_server@@UAE@XZ      0047e1b0 f i rmx core:Loader.obj
 0002:00008290       ??_EvPluginLoader@@UAEPAXI@Z 0047e290 f i rmx core:Loader.obj
 0002:00008290       ??_GvPluginLoader@@UAEPAXI@Z 0047e290 f i rmx core:Loader.obj
 0002:00008300       ??1vPluginLoader@@UAE@XZ   0047e300 f   rmx core:Loader.obj
 0002:00008630       ?onInit@vPluginLoader@@MAEXXZ 0047e630 f   rmx core:Loader.obj
 0002:00008860       ?initMasterPlugin@vPluginLoader@@MAEXPAVrmxMasterPlugin@@@Z 0047e860 f   rmx core:Loader.obj
 0002:00008fe0       ?alignCenter@cfgNull@@QAEPAV1@XZ 0047efe0 f i rmx core:Loader.obj
 0002:00009040       ?setUrl@cfgLink@@QAEPAV1@PBD@Z 0047f040 f i rmx core:Loader.obj
 0002:000090a0       ?setTitle@cfgTree@@QAEXPBD@Z 0047f0a0 f i rmx core:Loader.obj
 0002:00009100       ??0cfgLabel@@QAE@PBDPAVcfgBase@@1PAVvHPARAMLIST@@@Z 0047f100 f i rmx core:Loader.obj
 0002:00009220       ?setSavable@rmxData@@QAEX_N@Z 0047f220 f i rmx core:Loader.obj
 0002:00009290       ?cb_cfgMessage@cbBase@@MAEXW4cbMessage@@PAVcfgBase@@PBVprmBase@@2@Z 0047f290 f i rmx core:Loader.obj
 0002:000092d0       ?onMessage@cfgBase@@UAE_JPAVvHPLUGIN@@_J11@Z 0047f2d0 f i rmx core:Loader.obj
 0002:00009310       ?validateParam@cfgLabel@@MAEXPAVprmBase@@@Z 0047f310 f i rmx core:Loader.obj
 0002:000093f0       ?isNamed@prmBase@@QBE_NPBD@Z 0047f3f0 f i rmx core:Loader.obj
 0002:00009450       ?validateParam@cfgBase@@UAEXPAVprmBase@@@Z 0047f450 f i rmx core:Loader.obj
 0002:00009490       ?setLabel@cfgLabel@@QAEPAV1@PBD@Z 0047f490 f i rmx core:Loader.obj
 0002:000094f0       ?alignCenter@cfgLabel@@QAEPAV1@XZ 0047f4f0 f i rmx core:Loader.obj
 0002:00009550       ??_EcfgLabel@@UAEPAXI@Z    0047f550 f i rmx core:Loader.obj
 0002:00009550       ??_GcfgLabel@@UAEPAXI@Z    0047f550 f i rmx core:Loader.obj
 0002:000095c0       ??1cfgLabel@@UAE@XZ        0047f5c0 f i rmx core:Loader.obj
 0002:00009640       ?getHandle@vPlugin@@QBEPAVvHPLUGIN@@XZ 0047f640 f i rmx core:Loader.obj
 0002:00009680       ??0vConsolePluginCallback@@QAE@XZ 0047f680 f i rmx core:Loader.obj
 0002:000096e0       ??0vPluginCallback@@QAE@XZ 0047f6e0 f i rmx core:Loader.obj
 0002:00009750       ?appendCallback@vPluginLoader@@QAEXPAVvPluginCallback@@@Z 0047f750 f i rmx core:Loader.obj
 0002:000097b0       ?onAppendPlugin@vPluginCallback@@MAEXPAVvPlugin@@@Z 0047f7b0 f i rmx core:Loader.obj
 0002:000097f0       ?onRemovePlugin@vPluginCallback@@MAEXPAVvPlugin@@@Z 0047f7f0 f i rmx core:Loader.obj
 0002:00009830       ??_EvPluginCallback@@UAEPAXI@Z 0047f830 f i rmx core:Loader.obj
 0002:00009830       ??_GvPluginCallback@@UAEPAXI@Z 0047f830 f i rmx core:Loader.obj
 0002:000098a0       ??1vPluginCallback@@UAE@XZ 0047f8a0 f i rmx core:Loader.obj
 0002:00009910       ?removeCallback@vPluginLoader@@QAEXPAVvPluginCallback@@@Z 0047f910 f i rmx core:Loader.obj
 0002:00009970       ?onAppendPlugin@vConsolePluginCallback@@UAEXPAVvPlugin@@@Z 0047f970 f i rmx core:Loader.obj
 0002:00009a60       ??_EvConsolePluginCallback@@UAEPAXI@Z 0047fa60 f i rmx core:Loader.obj
 0002:00009a60       ??_GvConsolePluginCallback@@UAEPAXI@Z 0047fa60 f i rmx core:Loader.obj
 0002:00009ad0       ??1vConsolePluginCallback@@UAE@XZ 0047fad0 f i rmx core:Loader.obj
 0002:00009b30       ??0vFunctionPluginCallback@@QAE@XZ 0047fb30 f i rmx core:Loader.obj
 0002:00009c70       ?getFirstPlugin@vPluginLoader@@QBEPAVvPlugin@@XZ 0047fc70 f i rmx core:Loader.obj
 0002:00009cd0       ?getNextPlugin@vPluginLoader@@QBEPAVvPlugin@@PAV2@@Z 0047fcd0 f i rmx core:Loader.obj
 0002:00009d30       ??0cbRootFunction@@QAE@PAVvHPLUGIN@@@Z 0047fd30 f i rmx core:Loader.obj
 0002:00009f50       ?root_getFirstChild@vHPLUGIN@@QBEPAVvHLIST@@XZ 0047ff50 f i rmx core:Loader.obj
 0002:00009fb0       ?root_getNextChild@vHPLUGIN@@QBEPAVvHLIST@@PAV2@@Z 0047ffb0 f i rmx core:Loader.obj
 0002:0000a020       ?getRemotePlugin@cbCore@@QBEPAVvHPLUGIN@@XZ 00480020 f i rmx core:Loader.obj
 0002:0000a060       ?cb_onDelete@cbCore@@UAEXPAVvHLIST@@@Z 00480060 f i rmx core:Loader.obj
 0002:0000a0a0       ?cb_cfgMessage@cbCore@@UAEXW4cbMessage@@PBD@Z 004800a0 f i rmx core:Loader.obj
 0002:0000a0e0       ?cb_cfgMessage@cbCore@@UAEXW4cbMessage@@_J@Z 004800e0 f i rmx core:Loader.obj
 0002:0000a120       ?cb_cfgMessage@cbCore@@UAEXW4cbMessage@@PAVvHPARAM@@1@Z 00480120 f i rmx core:Loader.obj
 0002:0000a160       ??0cbRoot@@IAE@PAVvHPLUGIN@@@Z 00480160 f i rmx core:Loader.obj
 0002:0000a1d0       ?cb_cfgMessage@cbCore@@UAEXW4cbMessage@@PAVvHLIST@@1@Z 004801d0 f i rmx core:Loader.obj
 0002:0000a210       ??1cbRoot@@UAE@XZ          00480210 f i rmx core:Loader.obj
 0002:0000a270       ??_GcbRoot@@UAEPAXI@Z      00480270 f i rmx core:Loader.obj
 0002:0000a270       ??_EcbRoot@@UAEPAXI@Z      00480270 f i rmx core:Loader.obj
 0002:0000a2e0       ?cb_onInsertChild@cbRootFunction@@MAEXPAVvHLIST@@0@Z 004802e0 f i rmx core:Loader.obj
 0002:0000a4c0       ?cb_cfgMessage@cbRootFunction@@MAEXW4cbMessage@@PAVvHLIST@@1@Z 004804c0 f i rmx core:Loader.obj
 0002:0000a6b0       ??_EcbRootFunction@@UAEPAXI@Z 004806b0 f i rmx core:Loader.obj
 0002:0000a6b0       ??_GcbRootFunction@@UAEPAXI@Z 004806b0 f i rmx core:Loader.obj
 0002:0000a720       ??1cbRootFunction@@UAE@XZ  00480720 f i rmx core:Loader.obj
 0002:0000a880       ?onAppendPlugin@vFunctionPluginCallback@@MAEXPAVvPlugin@@@Z 00480880 f i rmx core:Loader.obj
 0002:0000a970       ??_GvFunctionPluginCallback@@UAEPAXI@Z 00480970 f i rmx core:Loader.obj
 0002:0000a970       ??_EvFunctionPluginCallback@@UAEPAXI@Z 00480970 f i rmx core:Loader.obj
 0002:0000a9e0       ??1vFunctionPluginCallback@@UAE@XZ 004809e0 f i rmx core:Loader.obj
 0002:0000aa40       ??0sqlPluginCallback@@QAE@XZ 00480a40 f i rmx core:Loader.obj
 0002:0000abc0       ?sql@vPluginLoader@@QBEPAVvSqlite@@XZ 00480bc0 f i rmx core:Loader.obj
 0002:0000ac00       ?onAppendPlugin@sqlPluginCallback@@MAEXPAVvPlugin@@@Z 00480c00 f i rmx core:Loader.obj
 0002:0000ad30       ??_GsqlPluginCallback@@UAEPAXI@Z 00480d30 f i rmx core:Loader.obj
 0002:0000ad30       ??_EsqlPluginCallback@@UAEPAXI@Z 00480d30 f i rmx core:Loader.obj
 0002:0000ada0       ??1sqlPluginCallback@@UAE@XZ 00480da0 f i rmx core:Loader.obj
 0002:0000ae00       ??0funcNone@@QAE@PAVcfgRoot@@@Z 00480e00 f i rmx core:Loader.obj
 0002:0000ae90       ?onActivated@funcNone@@MAEXPAVvHPLUGIN@@PAVvHLIST@@1@Z 00480e90 f i rmx core:Loader.obj
 0002:0000aed0       ??_GfuncNone@@UAEPAXI@Z    00480ed0 f i rmx core:Loader.obj
 0002:0000aed0       ??_EfuncNone@@UAEPAXI@Z    00480ed0 f i rmx core:Loader.obj
 0002:0000af40       ??1funcNone@@UAE@XZ        00480f40 f i rmx core:Loader.obj
 0002:0000afc0       ?onTimer@vPluginLoader@@MAEXK@Z 00480fc0 f   rmx core:Loader.obj
 0002:0000b150       ?isLoaded@vPluginLoader@@QBEHXZ 00481150 f i rmx core:Loader.obj
 0002:0000b190       ?getSetting@vPluginLoader@@QBEPBDPBD@Z 00481190 f   rmx core:Loader.obj
 0002:0000b1f0       ?onRmxPostInit@vPluginLoader@@MAEHXZ 004811f0 f   rmx core:Loader.obj
 0002:0000b2b0       ?onQuit@vPluginLoader@@MAEXXZ 004812b0 f   rmx core:Loader.obj
 0002:0000b340       ?appendPlugin@vPluginLoader@@QAEXPAVvPlugin@@@Z 00481340 f   rmx core:Loader.obj
 0002:0000b430       ?getName@vPlugin@@QBEPBDXZ 00481430 f i rmx core:Loader.obj
 0002:0000b4a0       ?list_getName@vPlugin@@QBEPBDPAVvHLIST@@@Z 004814a0 f i rmx core:Loader.obj
 0002:0000b520       ?removePlugin@vPluginLoader@@QAEXPAVvPlugin@@@Z 00481520 f   rmx core:Loader.obj
 0002:0000b610       ?makeDirectories@vPluginLoader@@QAEXXZ 00481610 f   rmx core:Loader.obj
 0002:0000b770       ?loadPlugin@vPluginLoader@@QAEPAVvHPLUGIN@@PBD@Z 00481770 f   rmx core:Loader.obj
 0002:0000b870       ?getPlugin@vPluginManager@@QBEPAVvPlugin@@XZ 00481870 f i rmx core:Loader.obj
 0002:0000b8b0       ?loadPlugin@vPluginLoader@@UAEPAVvPlugin@@PBDPAUHINSTANCE__@@@Z 004818b0 f   rmx core:Loader.obj
 0002:0000bb20       ?unloadPlugin@vPluginLoader@@QAEHPAVvHPLUGIN@@@Z 00481b20 f   rmx core:Loader.obj
 0002:0000bbd0       ?removePlugin@vPluginLoader@@QAEXPAUHINSTANCE__@@@Z 00481bd0 f   rmx core:Loader.obj
 0002:0000bc70       ?gethMod@vPlugin@@QBEPAUHINSTANCE__@@XZ 00481c70 f i rmx core:Loader.obj
 0002:0000bcb0       ?isMaster@vPluginLoader@@QAEHPBVvPlugin@@@Z 00481cb0 f   rmx core:Loader.obj
 0002:0000bd00       ?getPlugin@vPluginLoader@@QBEPAVvPlugin@@PBD@Z 00481d00 f   rmx core:Loader.obj
 0002:0000bde0       ?getPluginById@vPluginLoader@@QBEPAVvPlugin@@_J@Z 00481de0 f   rmx core:Loader.obj
 0002:0000bea0       ?getPluginId@vPlugin@@QBE_JXZ 00481ea0 f i rmx core:Loader.obj
 0002:0000bf10       ?list_getId@vPlugin@@QBE_JPAVvHLIST@@@Z 00481f10 f i rmx core:Loader.obj
 0002:0000bfa0       ?getPluginByFilename@vPluginLoader@@QBEPAVvPlugin@@PBD@Z 00481fa0 f   rmx core:Loader.obj
 0002:0000c070       ?getFilename@vPlugin@@QBEPBDXZ 00482070 f i rmx core:Loader.obj
 0002:0000c0d0       ?getMasterHandle@vPluginLoader@@QBEPAVvHPLUGIN@@XZ 004820d0 f   rmx core:Loader.obj
 0002:0000c130       ?getPluginTree@vPluginLoader@@QAEPAVcfgTree@@XZ 00482130 f   rmx core:Loader.obj
 0002:0000c290       ?scanForPlugins@vPluginLoader@@QAEXXZ 00482290 f   rmx core:Loader.obj
 0002:0000c460       ?destroy@vPluginLoader@@QAEXXZ 00482460 f   rmx core:Loader.obj
 0002:0000c4c0       ?destroyRmxCore@vPluginLoader@@AAEXXZ 004824c0 f   rmx core:Loader.obj
 0002:0000c590       ??0?$rmxList@PAVvPlugin@@@@QAE@XZ 00482590 f i rmx core:Loader.obj
 0002:0000c5f0       ??1?$rmxList@PAVvPlugin@@@@QAE@XZ 004825f0 f i rmx core:Loader.obj
 0002:0000c650       ?onInsertItem@?$rmxList@PAVvPlugin@@@@MAEXPAVvPlugin@@0@Z 00482650 f i rmx core:Loader.obj
 0002:0000c690       ?onDelete@?$rmxList@PAVvPlugin@@@@MAEXPAVvPlugin@@@Z 00482690 f i rmx core:Loader.obj
 0002:0000c6d0       ?onItemMoved@?$rmxList@PAVvPlugin@@@@MAEXPAVvPlugin@@0@Z 004826d0 f i rmx core:Loader.obj
 0002:0000c710       ?appendItem@?$rmxList@PAVvPlugin@@@@QAEHPAVvPlugin@@@Z 00482710 f i rmx core:Loader.obj
 0002:0000c770       ?removeItem@?$rmxList@PAVvPlugin@@@@QAEHPAVvPlugin@@@Z 00482770 f i rmx core:Loader.obj
 0002:0000c800       ?getFirstItem@?$rmxList@PAVvPlugin@@@@QBEPAVvPlugin@@XZ 00482800 f i rmx core:Loader.obj
 0002:0000c880       ?getCachedItem@?$rmxList@PAVvPlugin@@@@QBEPAVvPlugin@@XZ 00482880 f i rmx core:Loader.obj
 0002:0000c8f0       ?getNextItem@?$rmxList@PAVvPlugin@@@@QBEPAVvPlugin@@PAV2@@Z 004828f0 f i rmx core:Loader.obj
 0002:0000c980       ??0?$rmxList@PAVvPluginCallback@@@@QAE@XZ 00482980 f i rmx core:Loader.obj
 0002:0000c9e0       ??1?$rmxList@PAVvPluginCallback@@@@QAE@XZ 004829e0 f i rmx core:Loader.obj
 0002:0000ca40       ?onInsertItem@?$rmxList@PAVvPluginCallback@@@@MAEXPAVvPluginCallback@@0@Z 00482a40 f i rmx core:Loader.obj
 0002:0000ca80       ?onDelete@?$rmxList@PAVvPluginCallback@@@@MAEXPAVvPluginCallback@@@Z 00482a80 f i rmx core:Loader.obj
 0002:0000cac0       ?onItemMoved@?$rmxList@PAVvPluginCallback@@@@MAEXPAVvPluginCallback@@0@Z 00482ac0 f i rmx core:Loader.obj
 0002:0000cb00       ?appendItem@?$rmxList@PAVvPluginCallback@@@@QAEHPAVvPluginCallback@@@Z 00482b00 f i rmx core:Loader.obj
 0002:0000cb60       ?removeItem@?$rmxList@PAVvPluginCallback@@@@QAEHPAVvPluginCallback@@@Z 00482b60 f i rmx core:Loader.obj
 0002:0000cbf0       ?getFirstItem@?$rmxList@PAVvPluginCallback@@@@QBEPAVvPluginCallback@@XZ 00482bf0 f i rmx core:Loader.obj
 0002:0000cc70       ?getNextItem@?$rmxList@PAVvPluginCallback@@@@QBEPAVvPluginCallback@@PAV2@@Z 00482c70 f i rmx core:Loader.obj
 0002:0000cd00       ?insertItem@?$rmxList@PAVvPlugin@@@@QAEHPAVvPlugin@@0@Z 00482d00 f i rmx core:Loader.obj
 0002:0000cea0       ?emptyItems@?$rmxList@PAVvPlugin@@@@QAEXXZ 00482ea0 f i rmx core:Loader.obj
 0002:0000cf10       ?zeroList@?$rmxList@PAVvPlugin@@@@AAEXXZ 00482f10 f i rmx core:Loader.obj
 0002:0000cf80       ?removeOld@?$rmxList@PAVvPlugin@@@@AAEXPAUvtagLIST@1@@Z 00482f80 f i rmx core:Loader.obj
 0002:0000d0e0       ?insertItem@?$rmxList@PAVvPluginCallback@@@@QAEHPAVvPluginCallback@@0@Z 004830e0 f i rmx core:Loader.obj
 0002:0000d280       ?emptyItems@?$rmxList@PAVvPluginCallback@@@@QAEXXZ 00483280 f i rmx core:Loader.obj
 0002:0000d2f0       ?zeroList@?$rmxList@PAVvPluginCallback@@@@AAEXXZ 004832f0 f i rmx core:Loader.obj
 0002:0000d360       ?removeOld@?$rmxList@PAVvPluginCallback@@@@AAEXPAUvtagLIST@1@@Z 00483360 f i rmx core:Loader.obj
 0002:0000d4c0       ?findItem@?$rmxList@PAVvPluginCallback@@@@ABEPAUvtagLIST@1@PAVvPluginCallback@@@Z 004834c0 f i rmx core:Loader.obj
 0002:0000d5a0       ?createNew@?$rmxList@PAVvPlugin@@@@AAEPAUvtagLIST@1@PAVvPlugin@@@Z 004835a0 f i rmx core:Loader.obj
 0002:0000d640       ?createNew@?$rmxList@PAVvPluginCallback@@@@AAEPAUvtagLIST@1@PAVvPluginCallback@@@Z 00483640 f i rmx core:Loader.obj
 0002:0000d6e0       ??_EfuncNone@@WCI@AEPAXI@Z 004836e0 f i rmx core:Loader.obj
 0002:0000d6f0       ??_EfuncNone@@WEI@AEPAXI@Z 004836f0 f i rmx core:Loader.obj
 0002:0000d700       ??_EcfgLabel@@WCI@AEPAXI@Z 00483700 f i rmx core:Loader.obj
 0002:0000d710       ??_EcfgLabel@@WEI@AEPAXI@Z 00483710 f i rmx core:Loader.obj
 0002:0000d720       ??_Ermx_server@@WCI@AEPAXI@Z 00483720 f i rmx core:Loader.obj
 0002:0000d730       ??0rmxMasterPlugin@@QAE@PBD@Z 00483730 f   rmx core:rmxMasterPlugin.obj
 0002:0000d7d0       ?onInitPlugin@vPlugin@@UAEXXZ 004837d0 f i rmx core:rmxMasterPlugin.obj
 0002:0000d810       ?onPostInitPlugin@vPlugin@@UAEXXZ 00483810 f i rmx core:rmxMasterPlugin.obj
 0002:0000d850       ?external@vPlugin@@UBEHXZ  00483850 f i rmx core:rmxMasterPlugin.obj
 0002:0000d890       ?removable@vLocalPlugin@@UBEHXZ 00483890 f i rmx core:rmxMasterPlugin.obj
 0002:0000d8d0       ?getPathRootName@vLocalPlugin@@UBEPBDXZ 004838d0 f i rmx core:rmxMasterPlugin.obj
 0002:0000d910       ?getStatus@vLocalPlugin@@UAEIXZ 00483910 f i rmx core:rmxMasterPlugin.obj
 0002:0000d950       ?list_getRoot@vLocalPlugin@@UBEPAVvHLIST@@XZ 00483950 f i rmx core:rmxMasterPlugin.obj
 0002:0000d9b0       ?getListHandle@cfgBase@@QBEPAVvHLIST@@XZ 004839b0 f i rmx core:rmxMasterPlugin.obj
 0002:0000d9f0       ??_GrmxMasterPlugin@@UAEPAXI@Z 004839f0 f i rmx core:rmxMasterPlugin.obj
 0002:0000d9f0       ??_ErmxMasterPlugin@@UAEPAXI@Z 004839f0 f i rmx core:rmxMasterPlugin.obj
 0002:0000da60       ??1rmxMasterPlugin@@UAE@XZ 00483a60 f   rmx core:rmxMasterPlugin.obj
 0002:0000daf0       ?onMessage@rmxMasterPlugin@@MAE_JPAVvHPLUGIN@@_J11@Z 00483af0 f   rmx core:rmxMasterPlugin.obj
 0002:0000dcb0       ?isEnabled@cfgBase@@QBEHXZ 00483cb0 f i rmx core:rmxMasterPlugin.obj
 0002:0000dd00       ?getQueDepth@cbCoreFunction@@SAHXZ 00483d00 f i rmx core:rmxMasterPlugin.obj
 0002:0000dd40       ??_ErmxMasterPlugin@@WOI@AEPAXI@Z 00483d40 f i rmx core:rmxMasterPlugin.obj
 0002:0000dd50       ??_ErmxMasterPlugin@@WBAI@AEPAXI@Z 00483d50 f i rmx core:rmxMasterPlugin.obj
 0002:0000dd60       ??_ErmxMasterPlugin@@WMA@AEPAXI@Z 00483d60 f i rmx core:rmxMasterPlugin.obj
 0002:0000dd70       ??0vSqlite@@QAE@XZ         00483d70 f   rmx core:sqlite.obj
 0002:0000e170       ??0rmxString@@QAE@XZ       00484170 f i rmx core:sqlite.obj
 0002:0000e1d0       ?getLastError@vSqlite@@QBEPBDXZ 004841d0 f i rmx core:sqlite.obj
 0002:0000e230       ??_GvSqlite@@UAEPAXI@Z     00484230 f i rmx core:sqlite.obj
 0002:0000e230       ??_EvSqlite@@UAEPAXI@Z     00484230 f i rmx core:sqlite.obj
 0002:0000e2a0       ??1vSqlite@@UAE@XZ         004842a0 f   rmx core:sqlite.obj
 0002:0000e330       ?sql@vSqlite@@QAEHPBD@Z    00484330 f   rmx core:sqlite.obj
 0002:0000e470       ?sqlPrepare@vSqlite@@QAEPAUsqlite3_stmt@@PBDPAPBDHP6AXPAX@Z@Z 00484470 f   rmx core:sqlite.obj
 0002:0000e5e0       ?sqlPrepared@vSqlite@@QAEHPBDPAPBDHP6AXPAX@Z@Z 004845e0 f   rmx core:sqlite.obj
 0002:0000e680       ?sqlGetCellInt@vSqlite@@QAEHPBD00@Z 00484680 f   rmx core:sqlite.obj
 0002:0000e8d0       ?sqlGetCellStr@vSqlite@@QAEPBDPBD00@Z 004848d0 f   rmx core:sqlite.obj
 0002:0000e910       ?setSetting@vSqlite@@QAEHPBDD@Z 00484910 f   rmx core:sqlite.obj
 0002:0000eac0       ?setSetting@vSqlite@@QAEHPBD0@Z 00484ac0 f   rmx core:sqlite.obj
 0002:0000eb70       ?setSetting@vSqlite@@QAEHPBDH@Z 00484b70 f   rmx core:sqlite.obj
 0002:0000ec80       ?setSetting@vSqlite@@QAEHPBDN@Z 00484c80 f   rmx core:sqlite.obj
 0002:0000ed90       ?getSettingString@vSqlite@@QAEPBDPBD@Z 00484d90 f   rmx core:sqlite.obj
 0002:0000ef00       ?deleteThis@timerDelete@@QAEXXZ 00484f00 f i rmx core:sqlite.obj
 0002:0000ef60       ??0timerString@@QAE@PBD@Z  00484f60 f i rmx core:sqlite.obj
 0002:0000f030       ??0timerDelete@@QAE@XZ     00485030 f i rmx core:sqlite.obj
 0002:0000f090       ??1timerDelete@@UAE@XZ     00485090 f i rmx core:sqlite.obj
 0002:0000f0f0       ?onEvent@timerDelete@@MAEXPAX@Z 004850f0 f i rmx core:sqlite.obj
 0002:0000f1b0       ??_EtimerDelete@@UAEPAXI@Z 004851b0 f i rmx core:sqlite.obj
 0002:0000f1b0       ??_GtimerDelete@@UAEPAXI@Z 004851b0 f i rmx core:sqlite.obj
 0002:0000f220       ??_EtimerString@@UAEPAXI@Z 00485220 f i rmx core:sqlite.obj
 0002:0000f220       ??_GtimerString@@UAEPAXI@Z 00485220 f i rmx core:sqlite.obj
 0002:0000f290       ??1timerString@@UAE@XZ     00485290 f i rmx core:sqlite.obj
 0002:0000f370       ?getSettingInteger@vSqlite@@QAEHPBD@Z 00485370 f   rmx core:sqlite.obj
 0002:0000f420       ?getSettingNumber@vSqlite@@QAENPBD@Z 00485420 f   rmx core:sqlite.obj
 0002:0000f4d0       ?setMimeType@vSqlite@@QAEXPBD0@Z 004854d0 f   rmx core:sqlite.obj
 0002:0000f580       ?getMimeType@vSqlite@@QAEPBDPBD@Z 00485580 f   rmx core:sqlite.obj
 0002:0000f720       ?setPragma@vSqlite@@QAEHPBD0@Z 00485720 f   rmx core:sqlite.obj
 0002:0000f860       ?getPragma@vSqlite@@QAEPBDPBD@Z 00485860 f   rmx core:sqlite.obj
 0002:0000fab0       ?getObjectTypeId@vSqlite@@QAEHPBD_N@Z 00485ab0 f   rmx core:sqlite.obj
 0002:0000fc00       ?getParamNameId@vSqlite@@QAEHPBD_N@Z 00485c00 f   rmx core:sqlite.obj
 0002:0000fd50       ??_EtimerString@@WCA@AEPAXI@Z 00485d50 f i rmx core:sqlite.obj
 0002:0000fd60       __RMX_CORE                 00485d60 f   rmx core:Parser.obj
 0002:00012180       ?getLastPlugin@vPluginLoader@@QBEPAVvPlugin@@XZ 00488180 f i rmx core:Parser.obj
 0002:000121e0       ?getPrevPlugin@vPluginLoader@@QBEPAVvPlugin@@PAV2@@Z 004881e0 f i rmx core:Parser.obj
 0002:00012240       ?hasPlugin@vPluginLoader@@QBEHPBVvPlugin@@@Z 00488240 f i rmx core:Parser.obj
 0002:000122a0       ?getPath@vPlugin@@QBEPBDXZ 004882a0 f i rmx core:Parser.obj
 0002:00012300       ?root_getIdent@vPlugin@@QBEPAVvHLIST@@XZ 00488300 f i rmx core:Parser.obj
 0002:00012360       ?root_getList@vPlugin@@QBEPAVvHLIST@@PBD0PAVxmlParamList@@@Z 00488360 f i rmx core:Parser.obj
 0002:000123e0       ?list_delete@vPlugin@@QAEXPAVvHLIST@@@Z 004883e0 f i rmx core:Parser.obj
 0002:00012450       ?list_message@vPlugin@@QAE_JPAVvHLIST@@PAVvHPLUGIN@@_J22@Z 00488450 f i rmx core:Parser.obj
 0002:00012520       ?blockMessage@vPlugin@@QBEH_J@Z 00488520 f i rmx core:Parser.obj
 0002:00012560       ?list_setName@vPlugin@@QAEXPAVvHLIST@@PBD@Z 00488560 f i rmx core:Parser.obj
 0002:000125e0       ?list_getType@vPlugin@@QBEPBDPAVvHLIST@@@Z 004885e0 f i rmx core:Parser.obj
 0002:00012660       ?list_setId@vPlugin@@QAEXPAVvHLIST@@_J@Z 00488660 f i rmx core:Parser.obj
 0002:000126e0       ?list_onFirstLoad@vPlugin@@QAEXPAVvHLIST@@@Z 004886e0 f i rmx core:Parser.obj
 0002:00012750       ?list_getFlags@vPlugin@@QBEIPAVvHLIST@@@Z 00488750 f i rmx core:Parser.obj
 0002:000127d0       ?list_getSecurity@vPlugin@@QBEIPAVvHLIST@@@Z 004887d0 f i rmx core:Parser.obj
 0002:00012850       ?list_getSecurityEx@vPlugin@@QBEIPAVvHLIST@@@Z 00488850 f i rmx core:Parser.obj
 0002:000128d0       ?list_setSecurityEx@vPlugin@@QAEXPAVvHLIST@@H@Z 004888d0 f i rmx core:Parser.obj
 0002:00012950       ?list_isVisible@vPlugin@@QBEHPAVvHLIST@@@Z 00488950 f i rmx core:Parser.obj
 0002:000129d0       ?list_setVisible@vPlugin@@QAEXPAVvHLIST@@H@Z 004889d0 f i rmx core:Parser.obj
 0002:00012a50       ?list_hasChildrenVisible@vPlugin@@QBEHPAVvHLIST@@H@Z 00488a50 f i rmx core:Parser.obj
 0002:00012ae0       ?list_isEnabled@vPlugin@@QBEHPAVvHLIST@@@Z 00488ae0 f i rmx core:Parser.obj
 0002:00012b60       ?list_setEnabled@vPlugin@@QAEXPAVvHLIST@@H@Z 00488b60 f i rmx core:Parser.obj
 0002:00012be0       ?list_hasChildrenEnabled@vPlugin@@QBEHPAVvHLIST@@H@Z 00488be0 f i rmx core:Parser.obj
 0002:00012c70       ?list_isHighlighted@vPlugin@@QBEHPAVvHLIST@@@Z 00488c70 f i rmx core:Parser.obj
 0002:00012cf0       ?list_setHighlighted@vPlugin@@QAEXPAVvHLIST@@H@Z 00488cf0 f i rmx core:Parser.obj
 0002:00012d70       ?list_hasChildrenHighlighted@vPlugin@@QBEHPAVvHLIST@@H@Z 00488d70 f i rmx core:Parser.obj
 0002:00012e00       ?list_isExpanded@vPlugin@@QBEHPAVvHLIST@@@Z 00488e00 f i rmx core:Parser.obj
 0002:00012e80       ?list_setExpanded@vPlugin@@QAEXPAVvHLIST@@H@Z 00488e80 f i rmx core:Parser.obj
 0002:00012f00       ?list_hasChildrenExpanded@vPlugin@@QBEHPAVvHLIST@@H@Z 00488f00 f i rmx core:Parser.obj
 0002:00012f90       ?list_isSavable@vPlugin@@QBEHPAVvHLIST@@@Z 00488f90 f i rmx core:Parser.obj
 0002:00013010       ?list_setSavable@vPlugin@@QAEXPAVvHLIST@@H@Z 00489010 f i rmx core:Parser.obj
 0002:00013090       ?list_hasChildrenSavable@vPlugin@@QBEHPAVvHLIST@@H@Z 00489090 f i rmx core:Parser.obj
 0002:00013120       ?list_isReadOnly@vPlugin@@QBEHPAVvHLIST@@@Z 00489120 f i rmx core:Parser.obj
 0002:000131a0       ?list_hasChildrenReadOnly@vPlugin@@QBEHPAVvHLIST@@H@Z 004891a0 f i rmx core:Parser.obj
 0002:00013230       ?list_getListParam@vPlugin@@QBEPAVvHPARAM@@PAVvHLIST@@@Z 00489230 f i rmx core:Parser.obj
 0002:000132b0       ?list_getParamSafe@vPlugin@@QBEPBDPAVvHLIST@@PBD1@Z 004892b0 f i rmx core:Parser.obj
 0002:00013370       ?list_getParamInt@vPlugin@@QBEHPAVvHLIST@@PBD@Z 00489370 f i rmx core:Parser.obj
 0002:00013400       ?list_getParamLong@vPlugin@@QBE_JPAVvHLIST@@PBD@Z 00489400 f i rmx core:Parser.obj
 0002:000134a0       ?list_getParamNumber@vPlugin@@QBENPAVvHLIST@@PBD@Z 004894a0 f i rmx core:Parser.obj
 0002:00013530       ?list_getParamGuid@vPlugin@@QBE?AU_GUID@@PAVvHLIST@@PBD@Z 00489530 f i rmx core:Parser.obj
 0002:00013600       ?list_getParamFourCC@vPlugin@@QBEKPAVvHLIST@@PBD@Z 00489600 f i rmx core:Parser.obj
 0002:00013690       ?list_setParam@vPlugin@@QAEXPAVvHLIST@@PBD1@Z 00489690 f i rmx core:Parser.obj
 0002:00013710       ?list_setParamString@vPlugin@@QAEXPAVvHLIST@@PBD1@Z 00489710 f i rmx core:Parser.obj
 0002:00013790       ?list_setParamInt@vPlugin@@QAEXPAVvHLIST@@PBDH@Z 00489790 f i rmx core:Parser.obj
 0002:00013810       ?list_setParamLong@vPlugin@@QAEXPAVvHLIST@@PBD_J@Z 00489810 f i rmx core:Parser.obj
 0002:00013890       ?list_setParamNumber@vPlugin@@QAEXPAVvHLIST@@PBDN@Z 00489890 f i rmx core:Parser.obj
 0002:00013910       ?list_setParamGuid@vPlugin@@QAEXPAVvHLIST@@PBDU_GUID@@@Z 00489910 f i rmx core:Parser.obj
 0002:000139e0       ?list_setParamFourCC@vPlugin@@QAEXPAVvHLIST@@PBDK@Z 004899e0 f i rmx core:Parser.obj
 0002:00013a60       ?list_hasParam@vPlugin@@QBEHPAVvHLIST@@PAVvHPARAM@@@Z 00489a60 f i rmx core:Parser.obj
 0002:00013af0       ?list_hasParam@vPlugin@@QBEHPAVvHLIST@@PBD@Z 00489af0 f i rmx core:Parser.obj
 0002:00013b80       ?list_hasParams@vPlugin@@QBEHPAVvHLIST@@@Z 00489b80 f i rmx core:Parser.obj
 0002:00013c00       ?list_canEnumerateParams@vPlugin@@QBEHPAVvHLIST@@@Z 00489c00 f i rmx core:Parser.obj
 0002:00013c80       ?list_getParamCount@vPlugin@@QBEHPAVvHLIST@@@Z 00489c80 f i rmx core:Parser.obj
 0002:00013d00       ?list_getParamFirst@vPlugin@@QBEPAVvHPARAM@@PAVvHLIST@@@Z 00489d00 f i rmx core:Parser.obj
 0002:00013d80       ?list_getParamLast@vPlugin@@QBEPAVvHPARAM@@PAVvHLIST@@@Z 00489d80 f i rmx core:Parser.obj
 0002:00013e00       ?list_getParamPrev@vPlugin@@QBEPAVvHPARAM@@PAVvHLIST@@PAV2@@Z 00489e00 f i rmx core:Parser.obj
 0002:00013e90       ?list_getParamNext@vPlugin@@QBEPAVvHPARAM@@PAVvHLIST@@PAV2@@Z 00489e90 f i rmx core:Parser.obj
 0002:00013f20       ?list_getParamHandle@vPlugin@@QBEPAVvHPARAM@@PAVvHLIST@@PBD@Z 00489f20 f i rmx core:Parser.obj
 0002:00013fb0       ?list_getParamById@vPlugin@@QBEPAVvHPARAM@@PAVvHLIST@@_J@Z 00489fb0 f i rmx core:Parser.obj
 0002:00014040       ?list_getParamId@vPlugin@@QBE_JPAVvHLIST@@PBD@Z 0048a040 f i rmx core:Parser.obj
 0002:000140d0       ?list_setParamId@vPlugin@@QAEXPAVvHLIST@@PBD_J@Z 0048a0d0 f i rmx core:Parser.obj
 0002:00014150       ?list_getParamFlags@vPlugin@@QBEIPAVvHLIST@@PBD@Z 0048a150 f i rmx core:Parser.obj
 0002:000141e0       ?list_isParamSavable@vPlugin@@QBEHPAVvHLIST@@PBD@Z 0048a1e0 f i rmx core:Parser.obj
 0002:00014270       ?list_isParamReadOnly@vPlugin@@QBEHPAVvHLIST@@PBD@Z 0048a270 f i rmx core:Parser.obj
 0002:00014300       ?list_isParamUserData@vPlugin@@QBEHPAVvHLIST@@PAVvHPARAM@@@Z 0048a300 f i rmx core:Parser.obj
 0002:00014390       ?list_setParamSavable@vPlugin@@QAEXPAVvHLIST@@PBDH@Z 0048a390 f i rmx core:Parser.obj
 0002:00014410       ?list_removeParam@vPlugin@@QAEXPAVvHLIST@@PAVvHPARAM@@@Z 0048a410 f i rmx core:Parser.obj
 0002:00014490       ?list_removeParam@vPlugin@@QAEXPAVvHLIST@@PBD@Z 0048a490 f i rmx core:Parser.obj
 0002:00014510       ?list_removeAllParams@vPlugin@@QAEXPAVvHLIST@@@Z 0048a510 f i rmx core:Parser.obj
 0002:00014580       ?list_getParent@vPlugin@@QBEPAVvHLIST@@PAV2@@Z 0048a580 f i rmx core:Parser.obj
 0002:00014600       ?list_getChild@vPlugin@@QBEPAVvHLIST@@PAV2@PBD1PAVxmlParamList@@@Z 0048a600 f i rmx core:Parser.obj
 0002:00014690       ?list_getChildById@vPlugin@@QBEPAVvHLIST@@PAV2@_JH@Z 0048a690 f i rmx core:Parser.obj
 0002:00014720       ?list_hasChild@vPlugin@@QBEHPAVvHLIST@@0H@Z 0048a720 f i rmx core:Parser.obj
 0002:000147b0       ?list_hasChildCached@vPlugin@@QBEHPAVvHLIST@@0@Z 0048a7b0 f i rmx core:Parser.obj
 0002:00014840       ?list_hasChildren@vPlugin@@QBEHPAVvHLIST@@@Z 0048a840 f i rmx core:Parser.obj
 0002:000148c0       ?list_getChildCount@vPlugin@@QBEHPAVvHLIST@@@Z 0048a8c0 f i rmx core:Parser.obj
 0002:00014940       ?list_getFirstChild@vPlugin@@QBEPAVvHLIST@@PAV2@@Z 0048a940 f i rmx core:Parser.obj
 0002:000149c0       ?list_getLastChild@vPlugin@@QBEPAVvHLIST@@PAV2@@Z 0048a9c0 f i rmx core:Parser.obj
 0002:00014a40       ?list_getPrevChild@vPlugin@@QBEPAVvHLIST@@PAV2@0@Z 0048aa40 f i rmx core:Parser.obj
 0002:00014ad0       ?list_getNextChild@vPlugin@@QBEPAVvHLIST@@PAV2@0@Z 0048aad0 f i rmx core:Parser.obj
 0002:00014b60       ?list_newChild@vPlugin@@QAEPAVvHLIST@@PAV2@PBD1PAVxmlParamList@@@Z 0048ab60 f i rmx core:Parser.obj
 0002:00014bf0       ?list_removeAllChildren@vPlugin@@QAEXPAVvHLIST@@@Z 0048abf0 f i rmx core:Parser.obj
 0002:00014c60       ?list_moveUp@vPlugin@@QAEXPAVvHLIST@@@Z 0048ac60 f i rmx core:Parser.obj
 0002:00014cd0       ?list_moveDown@vPlugin@@QAEXPAVvHLIST@@@Z 0048acd0 f i rmx core:Parser.obj
 0002:00014d40       ?list_moveBegining@vPlugin@@QAEXPAVvHLIST@@@Z 0048ad40 f i rmx core:Parser.obj
 0002:00014db0       ?list_moveEnd@vPlugin@@QAEXPAVvHLIST@@@Z 0048adb0 f i rmx core:Parser.obj
 0002:00014e20       ?list_moveChild@vPlugin@@QAEXPAVvHLIST@@00@Z 0048ae20 f i rmx core:Parser.obj
 0002:00014ea0       ?param_getName@vPlugin@@QBEPBDPAVvHPARAM@@@Z 0048aea0 f i rmx core:Parser.obj
 0002:00014f20       ?param_getFlags@vPlugin@@QBEIPAVvHPARAM@@@Z 0048af20 f i rmx core:Parser.obj
 0002:00014fa0       ?param_getId@vPlugin@@QBE_JPAVvHPARAM@@@Z 0048afa0 f i rmx core:Parser.obj
 0002:00015030       ?param_setId@vPlugin@@QAEXPAVvHPARAM@@_J@Z 0048b030 f i rmx core:Parser.obj
 0002:000150b0       ?param_getSecurity@vPlugin@@QBEIPAVvHPARAM@@@Z 0048b0b0 f i rmx core:Parser.obj
 0002:00015130       ?param_getSecurityEx@vPlugin@@QBEIPAVvHPARAM@@@Z 0048b130 f i rmx core:Parser.obj
 0002:000151b0       ?param_setSecurityEx@vPlugin@@QAEXPAVvHPARAM@@H@Z 0048b1b0 f i rmx core:Parser.obj
 0002:00015230       ?param_getValue@vPlugin@@QBEPBDPAVvHPARAM@@@Z 0048b230 f i rmx core:Parser.obj
 0002:000152b0       ?param_getValueInt@vPlugin@@QBEHPAVvHPARAM@@@Z 0048b2b0 f i rmx core:Parser.obj
 0002:00015330       ?param_getValueLong@vPlugin@@QBE_JPAVvHPARAM@@@Z 0048b330 f i rmx core:Parser.obj
 0002:000153c0       ?param_getValueNumber@vPlugin@@QBENPAVvHPARAM@@@Z 0048b3c0 f i rmx core:Parser.obj
 0002:00015440       ?param_getValueGuid@vPlugin@@QBE?AU_GUID@@PAVvHPARAM@@@Z 0048b440 f i rmx core:Parser.obj
 0002:00015510       ?param_getValueFourCC@vPlugin@@QBEKPAVvHPARAM@@@Z 0048b510 f i rmx core:Parser.obj
 0002:00015590       ?param_setValue@vPlugin@@QAEXPAVvHPARAM@@PBD@Z 0048b590 f i rmx core:Parser.obj
 0002:00015610       ?param_setValueString@vPlugin@@QAEXPAVvHPARAM@@PBD@Z 0048b610 f i rmx core:Parser.obj
 0002:00015690       ?param_setValueInt@vPlugin@@QAEXPAVvHPARAM@@H@Z 0048b690 f i rmx core:Parser.obj
 0002:00015710       ?param_setValueLong@vPlugin@@QAEXPAVvHPARAM@@_J@Z 0048b710 f i rmx core:Parser.obj
 0002:00015790       ?param_setValueNumber@vPlugin@@QAEXPAVvHPARAM@@N@Z 0048b790 f i rmx core:Parser.obj
 0002:00015810       ?param_setValueGuid@vPlugin@@QAEXPAVvHPARAM@@U_GUID@@@Z 0048b810 f i rmx core:Parser.obj
 0002:000158d0       ?param_setValueFourCC@vPlugin@@QAEXPAVvHPARAM@@K@Z 0048b8d0 f i rmx core:Parser.obj
 0002:00015950       ?param_isNull@vPlugin@@QBEHPAVvHPARAM@@@Z 0048b950 f i rmx core:Parser.obj
 0002:000159d0       ?param_isString@vPlugin@@QBEHPAVvHPARAM@@@Z 0048b9d0 f i rmx core:Parser.obj
 0002:00015a50       ?param_isInteger@vPlugin@@QBEHPAVvHPARAM@@@Z 0048ba50 f i rmx core:Parser.obj
 0002:00015ad0       ?param_isLong@vPlugin@@QBEHPAVvHPARAM@@@Z 0048bad0 f i rmx core:Parser.obj
 0002:00015b50       ?param_isNumber@vPlugin@@QBEHPAVvHPARAM@@@Z 0048bb50 f i rmx core:Parser.obj
 0002:00015bd0       ?param_isGuid@vPlugin@@QBEHPAVvHPARAM@@@Z 0048bbd0 f i rmx core:Parser.obj
 0002:00015c50       ?param_isFourCC@vPlugin@@QBEHPAVvHPARAM@@@Z 0048bc50 f i rmx core:Parser.obj
 0002:00015cd0       ?param_isSavable@vPlugin@@QBEHPAVvHPARAM@@@Z 0048bcd0 f i rmx core:Parser.obj
 0002:00015d50       ?param_isReadOnly@vPlugin@@QBEHPAVvHPARAM@@@Z 0048bd50 f i rmx core:Parser.obj
 0002:00015dd0       ?RmxMsg@vPlugin@@IBEXIIPBXU_GUID@@@Z 0048bdd0 f i rmx core:Parser.obj
 0002:00015eb0       ?getRemoteConfig@cbCore@@QBEPAVvHLIST@@XZ 0048beb0 f i rmx core:Parser.obj
 0002:00015ef0       ?getId@cbCore@@QBE_JXZ     0048bef0 f i rmx core:Parser.obj
 0002:00015f50       ?isVisible@cbCore@@QBEHXZ  0048bf50 f i rmx core:Parser.obj
 0002:00015fb0       ?isEnabled@cbCore@@QBEHXZ  0048bfb0 f i rmx core:Parser.obj
 0002:00016010       ?getParamCount@cbCore@@QBEHXZ 0048c010 f i rmx core:Parser.obj
 0002:00016070       ?getFirstCallback@cbCoreConsole@@SAPAV1@XZ 0048c070 f i rmx core:Parser.obj
 0002:000160c0       ?getLastCallback@cbCoreConsole@@SAPAV1@XZ 0048c0c0 f i rmx core:Parser.obj
 0002:00016110       ?getPrevCallback@cbCoreConsole@@SAPAV1@PAV1@@Z 0048c110 f i rmx core:Parser.obj
 0002:00016160       ?getNextCallback@cbCoreConsole@@SAPAV1@PAV1@@Z 0048c160 f i rmx core:Parser.obj
 0002:000161b0       ?getFunctionName@cbCoreFunction@@QBEPBDXZ 0048c1b0 f i rmx core:Parser.obj
 0002:00016200       ?getName@cbCore@@QBEPBDXZ  0048c200 f i rmx core:Parser.obj
 0002:00016260       ?getScriptName@cbCoreFunction@@QBEPBDXZ 0048c260 f i rmx core:Parser.obj
 0002:000162c0       ?getParam@cbCore@@QBEPBDPBD@Z 0048c2c0 f i rmx core:Parser.obj
 0002:00016330       ?getFirstFunction@cbCoreFunction@@SAPAV1@XZ 0048c330 f i rmx core:Parser.obj
 0002:00016380       ?getLastFunction@cbCoreFunction@@SAPAV1@XZ 0048c380 f i rmx core:Parser.obj
 0002:000163d0       ?getPrevFunction@cbCoreFunction@@SAPAV1@PAV1@@Z 0048c3d0 f i rmx core:Parser.obj
 0002:00016420       ?getNextFunction@cbCoreFunction@@SAPAV1@PAV1@@Z 0048c420 f i rmx core:Parser.obj
 0002:00016470       ?getFirstChildFunction@cbCoreFunction@@QAEPAV1@XZ 0048c470 f i rmx core:Parser.obj
 0002:000164d0       ?getLastChildFunction@cbCoreFunction@@QAEPAV1@XZ 0048c4d0 f i rmx core:Parser.obj
 0002:00016530       ?getPrevChildFunction@cbCoreFunction@@QAEPAV1@PAV1@@Z 0048c530 f i rmx core:Parser.obj
 0002:00016590       ?getNextChildFunction@cbCoreFunction@@QAEPAV1@PAV1@@Z 0048c590 f i rmx core:Parser.obj
 0002:000165f0       ?getFunctionType@cbCoreFunction@@QBEHXZ 0048c5f0 f i rmx core:Parser.obj
 0002:00016630       ?getFunctionParent@cbCoreFunction@@QBEPAV1@XZ 0048c630 f i rmx core:Parser.obj
 0002:00016670       ?message@plugCallback@@QAEXPAUrmxMsg@@@Z 0048c670 f i rmx core:Parser.obj
 0002:000166f0       ?getItemValue@?$vNullStringPairList@PBD@@QAEPBDPBD@Z 0048c6f0 f i rmx core:Parser.obj
 0002:00016780       ?getFirstName@?$vNullStringPairList@PBD@@QAEPBDXZ 0048c780 f i rmx core:Parser.obj
 0002:00016800       ?getLastName@?$vNullStringPairList@PBD@@QAEPBDXZ 0048c800 f i rmx core:Parser.obj
 0002:00016880       ?getPrevName@?$vNullStringPairList@PBD@@QAEPBDPBD@Z 0048c880 f i rmx core:Parser.obj
 0002:00016920       ?getNextName@?$vNullStringPairList@PBD@@QAEPBDPBD@Z 0048c920 f i rmx core:Parser.obj
 0002:000169c0       ?getLastItem@?$rmxList@PAVvPlugin@@@@QBEPAVvPlugin@@XZ 0048c9c0 f i rmx core:Parser.obj
 0002:00016a40       ?getPrevItem@?$rmxList@PAVvPlugin@@@@QBEPAVvPlugin@@PAV2@@Z 0048ca40 f i rmx core:Parser.obj
 0002:00016ae0       ?getFirstItem@?$rmxList@PAVcbCoreConsole@@@@QBEPAVcbCoreConsole@@XZ 0048cae0 f i rmx core:Parser.obj
 0002:00016b60       ?getLastItem@?$rmxList@PAVcbCoreConsole@@@@QBEPAVcbCoreConsole@@XZ 0048cb60 f i rmx core:Parser.obj
 0002:00016be0       ?getNextItem@?$rmxList@PAVcbCoreConsole@@@@QBEPAVcbCoreConsole@@PAV2@@Z 0048cbe0 f i rmx core:Parser.obj
 0002:00016c70       ?getPrevItem@?$rmxList@PAVcbCoreConsole@@@@QBEPAVcbCoreConsole@@PAV2@@Z 0048cc70 f i rmx core:Parser.obj
 0002:00016d10       ?getFirstItem@?$rmxList@PAVcbCoreFunction@@@@QBEPAVcbCoreFunction@@XZ 0048cd10 f i rmx core:Parser.obj
 0002:00016d90       ?getLastItem@?$rmxList@PAVcbCoreFunction@@@@QBEPAVcbCoreFunction@@XZ 0048cd90 f i rmx core:Parser.obj
 0002:00016e10       ?getNextItem@?$rmxList@PAVcbCoreFunction@@@@QBEPAVcbCoreFunction@@PAV2@@Z 0048ce10 f i rmx core:Parser.obj
 0002:00016ea0       ?getPrevItem@?$rmxList@PAVcbCoreFunction@@@@QBEPAVcbCoreFunction@@PAV2@@Z 0048cea0 f i rmx core:Parser.obj
 0002:00016f40       ?getPair@?$vNullStringPairList@PBD@@AAEPAU?$rmxPair@PBD@@PBD@Z 0048cf40 f i rmx core:Parser.obj
 0002:00017000       ?getFirstItem@?$rmxList@PAU?$rmxPair@PBD@@@@QBEPAU?$rmxPair@PBD@@XZ 0048d000 f i rmx core:Parser.obj
 0002:00017080       ?getLastItem@?$rmxList@PAU?$rmxPair@PBD@@@@QBEPAU?$rmxPair@PBD@@XZ 0048d080 f i rmx core:Parser.obj
 0002:00017100       ?getNextItem@?$rmxList@PAU?$rmxPair@PBD@@@@QBEPAU?$rmxPair@PBD@@PAU2@@Z 0048d100 f i rmx core:Parser.obj
 0002:00017190       ?getPrevItem@?$rmxList@PAU?$rmxPair@PBD@@@@QBEPAU?$rmxPair@PBD@@PAU2@@Z 0048d190 f i rmx core:Parser.obj
 0002:00017230       ?findItem@?$rmxList@PAVcbCoreConsole@@@@ABEPAUvtagLIST@1@PAVcbCoreConsole@@@Z 0048d230 f i rmx core:Parser.obj
 0002:00017310       ?findItem@?$rmxList@PAVcbCoreFunction@@@@ABEPAUvtagLIST@1@PAVcbCoreFunction@@@Z 0048d310 f i rmx core:Parser.obj
 0002:000173f0       ?getCachedItem@?$rmxList@PAU?$rmxPair@PBD@@@@QBEPAU?$rmxPair@PBD@@XZ 0048d3f0 f i rmx core:Parser.obj
 0002:00017460       ?findItem@?$rmxList@PAU?$rmxPair@PBD@@@@ABEPAUvtagLIST@1@PAU?$rmxPair@PBD@@@Z 0048d460 f i rmx core:Parser.obj
 0002:00017540       ?onConnection@rmx_server@@UAEPAVIPageGenerator@@PAVJNL_HTTPServ@@H@Z 0048d540 f   rmx core:http.obj
 0002:00017c70       ??0rmxDataList@@QAE@PADD_N@Z 0048dc70 f i rmx core:http.obj
 0002:00017ef0       ??1rmxDataList@@UAE@XZ     0048def0 f i rmx core:http.obj
 0002:00017fd0       ?onDelete@rmxDataList@@UAEXPAVrmxData@@@Z 0048dfd0 f i rmx core:http.obj
 0002:00018080       ??_ErmxDataList@@UAEPAXI@Z 0048e080 f i rmx core:http.obj
 0002:00018080       ??_GrmxDataList@@UAEPAXI@Z 0048e080 f i rmx core:http.obj
 0002:000180f0       ?length@CBString@Bstrlib@@QBEHXZ 0048e0f0 f i rmx core:http.obj
 0002:00018130       ?send_reply@JNL_HTTPServ@@QAEXXZ 0048e130 f i rmx core:http.obj
 0002:00018170       ??0?$rmxList@PAVrmxData@@@@QAE@XZ 0048e170 f i rmx core:http.obj
 0002:000181d0       ??1?$rmxList@PAVrmxData@@@@QAE@XZ 0048e1d0 f i rmx core:http.obj
 0002:00018230       ?onInsertItem@?$rmxList@PAVrmxData@@@@MAEXPAVrmxData@@0@Z 0048e230 f i rmx core:http.obj
 0002:00018270       ?onDelete@?$rmxList@PAVrmxData@@@@MAEXPAVrmxData@@@Z 0048e270 f i rmx core:http.obj
 0002:000182b0       ?onItemMoved@?$rmxList@PAVrmxData@@@@MAEXPAVrmxData@@0@Z 0048e2b0 f i rmx core:http.obj
 0002:000182f0       ?getItemCount@?$rmxList@PAVrmxData@@@@QBEHXZ 0048e2f0 f i rmx core:http.obj
 0002:00018330       ?appendItem@?$rmxList@PAVrmxData@@@@QAEHPAVrmxData@@@Z 0048e330 f i rmx core:http.obj
 0002:00018390       ?removeFirstItem@?$rmxList@PAVrmxData@@@@QAEHXZ 0048e390 f i rmx core:http.obj
 0002:00018400       ?emptyItems@?$rmxList@PAVrmxData@@@@QAEXXZ 0048e400 f i rmx core:http.obj
 0002:00018470       ?getFirstItem@?$rmxList@PAVrmxData@@@@QBEPAVrmxData@@XZ 0048e470 f i rmx core:http.obj
 0002:000184f0       ?getItem@?$rmxList@PAVrmxData@@@@QBEPAVrmxData@@H@Z 0048e4f0 f i rmx core:http.obj
 0002:000185a0       ?insertItem@?$rmxList@PAVrmxData@@@@QAEHPAVrmxData@@0@Z 0048e5a0 f i rmx core:http.obj
 0002:00018740       ?getNextItem@?$rmxList@PAVrmxData@@@@QBEPAVrmxData@@PAV2@@Z 0048e740 f i rmx core:http.obj
 0002:000187d0       ?zeroList@?$rmxList@PAVrmxData@@@@AAEXXZ 0048e7d0 f i rmx core:http.obj
 0002:00018840       ?removeOld@?$rmxList@PAVrmxData@@@@AAEXPAUvtagLIST@1@@Z 0048e840 f i rmx core:http.obj
 0002:000189a0       ?createNew@?$rmxList@PAVrmxData@@@@AAEPAUvtagLIST@1@PAVrmxData@@@Z 0048e9a0 f i rmx core:http.obj
 0002:00018a40       ?findItem@?$rmxList@PAVrmxData@@@@ABEPAUvtagLIST@1@PAVrmxData@@@Z 0048ea40 f i rmx core:http.obj
 0002:00018b20       ??0vPluginTree@@QAE@PAVcfgBase@@@Z 0048eb20 f   rmx core:PluginTree.obj
 0002:00018d80       ??0cfgLine@@QAE@PAVcfgBase@@0@Z 0048ed80 f i rmx core:PluginTree.obj
 0002:00018e70       ??_GcfgLine@@UAEPAXI@Z     0048ee70 f i rmx core:PluginTree.obj
 0002:00018e70       ??_EcfgLine@@UAEPAXI@Z     0048ee70 f i rmx core:PluginTree.obj
 0002:00018ee0       ??1cfgLine@@UAE@XZ         0048eee0 f i rmx core:PluginTree.obj
 0002:00018f60       ??_GvPluginTree@@UAEPAXI@Z 0048ef60 f i rmx core:PluginTree.obj
 0002:00018f60       ??_EvPluginTree@@UAEPAXI@Z 0048ef60 f i rmx core:PluginTree.obj
 0002:00018fd0       ??1vPluginTree@@UAE@XZ     0048efd0 f   rmx core:PluginTree.obj
 0002:000190a0       ?onNewExternalChild@vPluginTree@@MAEPAVcfgBase@@PBD0PAVvHPARAMLIST@@@Z 0048f0a0 f   rmx core:PluginTree.obj
 0002:00019170       ?addPlugin@vPluginTree@@QAEPAVvPluginManager@@PBD0@Z 0048f170 f   rmx core:PluginTree.obj
 0002:000192b0       ?getManager@vPluginTree@@QAEPAVvPluginManager@@PBD@Z 0048f2b0 f   rmx core:PluginTree.obj
 0002:00019380       ?getFilename@vPluginManager@@QBEPBDXZ 0048f380 f i rmx core:PluginTree.obj
 0002:000193e0       ?getManager@vPluginTree@@QAEPAVvPluginManager@@PAVvPlugin@@@Z 0048f3e0 f   rmx core:PluginTree.obj
 0002:00019480       ?loadAll@vPluginTree@@QAEXH@Z 0048f480 f   rmx core:PluginTree.obj
 0002:00019650       ?unloadAll@vPluginTree@@QAEXXZ 0048f650 f   rmx core:PluginTree.obj
 0002:000196e0       ??0vPluginManager@@QAE@PBD0PAVvPluginTree@@@Z 0048f6e0 f   rmx core:PluginTree.obj
 0002:00019a00       ??_EvPluginManager@@UAEPAXI@Z 0048fa00 f i rmx core:PluginTree.obj
 0002:00019a00       ??_GvPluginManager@@UAEPAXI@Z 0048fa00 f i rmx core:PluginTree.obj
 0002:00019a70       ??1vPluginManager@@UAE@XZ  0048fa70 f   rmx core:PluginTree.obj
 0002:00019b50       ?load@vPluginManager@@QAEHXZ 0048fb50 f   rmx core:PluginTree.obj
 0002:0001a0e0       ?getSdkVersion@vPlugin@@QBEIXZ 004900e0 f i rmx core:PluginTree.obj
 0002:0001a140       ?getLibVersion@vPlugin@@QBEIXZ 00490140 f i rmx core:PluginTree.obj
 0002:0001a1a0       ?unload@vPluginManager@@QAEXXZ 004901a0 f   rmx core:PluginTree.obj
 0002:0001a270       ?cb_cfgMessage@vPluginManager@@MAEXW4cbMessage@@PAVcfgBase@@PBVprmBase@@2@Z 00490270 f   rmx core:PluginTree.obj
 0002:0001a370       ?failedMessage@vPluginManager@@AAEHPBD@Z 00490370 f   rmx core:PluginTree.obj
 0002:0001a460       ??0vPluginScanBtn@@QAE@PAVvPluginTree@@@Z 00490460 f   rmx core:PluginTree.obj
 0002:0001a560       ?setButtonText@cfgButton@@QAEXPBD@Z 00490560 f i rmx core:PluginTree.obj
 0002:0001a5c0       ??_EvPluginScanBtn@@UAEPAXI@Z 004905c0 f i rmx core:PluginTree.obj
 0002:0001a5c0       ??_GvPluginScanBtn@@UAEPAXI@Z 004905c0 f i rmx core:PluginTree.obj
 0002:0001a630       ??1vPluginScanBtn@@UAE@XZ  00490630 f i rmx core:PluginTree.obj
 0002:0001a6b0       ?onClick@vPluginScanBtn@@UAEXPAVvHPLUGIN@@@Z 004906b0 f   rmx core:PluginTree.obj
 0002:0001a730       ?onClick@cfgButton@@MAEXPAVvHPLUGIN@@@Z 00490730 f i rmx core:PluginTree.obj
 0002:0001a770       ??0?$rmxList@PAVvPluginManager@@@@QAE@XZ 00490770 f i rmx core:PluginTree.obj
 0002:0001a7d0       ??1?$rmxList@PAVvPluginManager@@@@QAE@XZ 004907d0 f i rmx core:PluginTree.obj
 0002:0001a830       ?onInsertItem@?$rmxList@PAVvPluginManager@@@@MAEXPAVvPluginManager@@0@Z 00490830 f i rmx core:PluginTree.obj
 0002:0001a870       ?onDelete@?$rmxList@PAVvPluginManager@@@@MAEXPAVvPluginManager@@@Z 00490870 f i rmx core:PluginTree.obj
 0002:0001a8b0       ?onItemMoved@?$rmxList@PAVvPluginManager@@@@MAEXPAVvPluginManager@@0@Z 004908b0 f i rmx core:PluginTree.obj
 0002:0001a8f0       ?appendItem@?$rmxList@PAVvPluginManager@@@@QAEHPAVvPluginManager@@@Z 004908f0 f i rmx core:PluginTree.obj
 0002:0001a950       ?getFirstItem@?$rmxList@PAVvPluginManager@@@@QBEPAVvPluginManager@@XZ 00490950 f i rmx core:PluginTree.obj
 0002:0001a9d0       ?getNextItem@?$rmxList@PAVvPluginManager@@@@QBEPAVvPluginManager@@PAV2@@Z 004909d0 f i rmx core:PluginTree.obj
 0002:0001aa60       ?insertItem@?$rmxList@PAVvPluginManager@@@@QAEHPAVvPluginManager@@0@Z 00490a60 f i rmx core:PluginTree.obj
 0002:0001ac00       ?emptyItems@?$rmxList@PAVvPluginManager@@@@QAEXXZ 00490c00 f i rmx core:PluginTree.obj
 0002:0001ac70       ?zeroList@?$rmxList@PAVvPluginManager@@@@AAEXXZ 00490c70 f i rmx core:PluginTree.obj
 0002:0001ace0       ?findItem@?$rmxList@PAVvPluginManager@@@@ABEPAUvtagLIST@1@PAVvPluginManager@@@Z 00490ce0 f i rmx core:PluginTree.obj
 0002:0001adc0       ?createNew@?$rmxList@PAVvPluginManager@@@@AAEPAUvtagLIST@1@PAVvPluginManager@@@Z 00490dc0 f i rmx core:PluginTree.obj
 0002:0001ae60       ?removeOld@?$rmxList@PAVvPluginManager@@@@AAEXPAUvtagLIST@1@@Z 00490e60 f i rmx core:PluginTree.obj
 0002:0001afc0       ??_EvPluginTree@@WCI@AEPAXI@Z 00490fc0 f i rmx core:PluginTree.obj
 0002:0001afd0       ??_EvPluginTree@@WEI@AEPAXI@Z 00490fd0 f i rmx core:PluginTree.obj
 0002:0001afe0       ??_EvPluginScanBtn@@WCI@AEPAXI@Z 00490fe0 f i rmx core:PluginTree.obj
 0002:0001aff0       ??_EcfgLine@@WCI@AEPAXI@Z  00490ff0 f i rmx core:PluginTree.obj
 0002:0001b000       ??_EvPluginScanBtn@@WEI@AEPAXI@Z 00491000 f i rmx core:PluginTree.obj
 0002:0001b010       ??_EcfgLine@@WEI@AEPAXI@Z  00491010 f i rmx core:PluginTree.obj
 0002:0001b020       ??_EvPluginManager@@WCI@AEPAXI@Z 00491020 f i rmx core:PluginTree.obj
 0002:0001b030       ??_EvPluginManager@@WEI@AEPAXI@Z 00491030 f i rmx core:PluginTree.obj
 0002:0001b040       ??0rmxJsonParser@@QAE@PAVcfgRoot@@@Z 00491040 f   rmx core:jsonParser.obj
 0002:0001b1a0       ??_GrmxJsonParser@@UAEPAXI@Z 004911a0 f i rmx core:jsonParser.obj
 0002:0001b1a0       ??_ErmxJsonParser@@UAEPAXI@Z 004911a0 f i rmx core:jsonParser.obj
 0002:0001b210       ??1rmxJsonParser@@UAE@XZ   00491210 f   rmx core:jsonParser.obj
 0002:0001b290       ?onActivated@rmxJsonParser@@MAEXPAVvHPLUGIN@@PAVvHLIST@@1H@Z 00491290 f   rmx core:jsonParser.obj
 0002:0001b300       ?parseJson@rmxJsonParser@@SAHPBD@Z 00491300 f   rmx core:jsonParser.obj
 0002:0001b540       ?printJson@rmxJsonParser@@KAHPAXHPBUJSON_value_struct@@@Z 00491540 f   rmx core:jsonParser.obj
 0002:0001b730       ??_ErmxJsonParser@@WCI@AEPAXI@Z 00491730 f i rmx core:jsonParser.obj
 0002:0001b740       ??_ErmxJsonParser@@WEI@AEPAXI@Z 00491740 f i rmx core:jsonParser.obj
 0002:0001b750       ??0cbCoreConsole@@QAE@PAVvHPLUGIN@@PAVvHLIST@@@Z 00491750 f   rmx core:cbConsole.obj
 0002:0001b8d0       ??_GcbCoreConsole@@UAEPAXI@Z 004918d0 f i rmx core:cbConsole.obj
 0002:0001b8d0       ??_EcbCoreConsole@@UAEPAXI@Z 004918d0 f i rmx core:cbConsole.obj
 0002:0001b940       ??1cbCoreConsole@@UAE@XZ   00491940 f   rmx core:cbConsole.obj
 0002:0001bad0       ?getConsoleCallback@cbCoreConsole@@SAPAV1@PAVvHLIST@@@Z 00491ad0 f   rmx core:cbConsole.obj
 0002:0001bb60       ?pushConsoleStack@cbCoreConsole@@SAXPAV1@@Z 00491b60 f   rmx core:cbConsole.obj
 0002:0001bbc0       ?peekConsoleStack@cbCoreConsole@@SAPAV1@XZ 00491bc0 f   rmx core:cbConsole.obj
 0002:0001bc10       ?popConsoleStack@cbCoreConsole@@SAPAV1@XZ 00491c10 f   rmx core:cbConsole.obj
 0002:0001bc70       ?console_print@cbCoreConsole@@SAXPBDPAVvHCONSOLE@@@Z 00491c70 f   rmx core:cbConsole.obj
 0002:0001bd20       ?print@cbCoreConsole@@QAEXPBD@Z 00491d20 f i rmx core:cbConsole.obj
 0002:0001bd90       ?message@cbCore@@QAE_J_J00@Z 00491d90 f i rmx core:cbConsole.obj
 0002:0001be10       ?console_clear@cbCoreConsole@@SAXPAVvHCONSOLE@@@Z 00491e10 f   rmx core:cbConsole.obj
 0002:0001be80       ?clear@cbCoreConsole@@QAEXXZ 00491e80 f i rmx core:cbConsole.obj
 0002:0001bef0       ?console_getPlugin@cbCoreConsole@@SAPAVvHPLUGIN@@PAVvHCONSOLE@@@Z 00491ef0 f   rmx core:cbConsole.obj
 0002:0001bf70       ?console_getList@cbCoreConsole@@SAPAVvHLIST@@PAVvHCONSOLE@@@Z 00491f70 f   rmx core:cbConsole.obj
 0002:0001bff0       ?getConsole@cbCoreConsole@@SAPAV1@PAVvHCONSOLE@@@Z 00491ff0 f   rmx core:cbConsole.obj
 0002:0001c100       ??0cbRootConsole@@QAE@PAVvHPLUGIN@@@Z 00492100 f   rmx core:cbConsole.obj
 0002:0001c270       ??_EcbRootConsole@@UAEPAXI@Z 00492270 f i rmx core:cbConsole.obj
 0002:0001c270       ??_GcbRootConsole@@UAEPAXI@Z 00492270 f i rmx core:cbConsole.obj
 0002:0001c2e0       ??1cbRootConsole@@UAE@XZ   004922e0 f   rmx core:cbConsole.obj
 0002:0001c340       ?cb_onInsertChild@cbRootConsole@@UAEXPAVvHLIST@@0@Z 00492340 f   rmx core:cbConsole.obj
 0002:0001c460       ?hasItems@?$rmxList@PAVcbCoreConsole@@@@QBEHXZ 00492460 f i rmx core:cbConsole.obj
 0002:0001c4b0       ?hasItem@?$rmxList@PAVcbCoreConsole@@@@QBEHPAVcbCoreConsole@@@Z 004924b0 f i rmx core:cbConsole.obj
 0002:0001c510       ?appendItem@?$rmxList@PAVcbCoreConsole@@@@QAEHPAVcbCoreConsole@@@Z 00492510 f i rmx core:cbConsole.obj
 0002:0001c570       ?removeLastItem@?$rmxList@PAVcbCoreConsole@@@@QAEHXZ 00492570 f i rmx core:cbConsole.obj
 0002:0001c5e0       ?removeItem@?$rmxList@PAVcbCoreConsole@@@@QAEHPAVcbCoreConsole@@@Z 004925e0 f i rmx core:cbConsole.obj
 0002:0001c670       ?insertItem@?$rmxList@PAVcbCoreConsole@@@@QAEHPAVcbCoreConsole@@0@Z 00492670 f i rmx core:cbConsole.obj
 0002:0001c810       ?removeOld@?$rmxList@PAVcbCoreConsole@@@@AAEXPAUvtagLIST@1@@Z 00492810 f i rmx core:cbConsole.obj
 0002:0001c970       ?createNew@?$rmxList@PAVcbCoreConsole@@@@AAEPAUvtagLIST@1@PAVcbCoreConsole@@@Z 00492970 f i rmx core:cbConsole.obj
 0002:0001ca10       ??0?$rmxList@PAVcbCoreConsole@@@@QAE@XZ 00492a10 f i rmx core:cbConsole.obj
 0002:0001ca70       ?onInsertItem@?$rmxList@PAVcbCoreConsole@@@@MAEXPAVcbCoreConsole@@0@Z 00492a70 f i rmx core:cbConsole.obj
 0002:0001cab0       ?onDelete@?$rmxList@PAVcbCoreConsole@@@@MAEXPAVcbCoreConsole@@@Z 00492ab0 f i rmx core:cbConsole.obj
 0002:0001caf0       ?onItemMoved@?$rmxList@PAVcbCoreConsole@@@@MAEXPAVcbCoreConsole@@0@Z 00492af0 f i rmx core:cbConsole.obj
 0002:0001cb30       ?zeroList@?$rmxList@PAVcbCoreConsole@@@@AAEXXZ 00492b30 f i rmx core:cbConsole.obj
 0002:0001cba0       ??1?$rmxList@PAVcbCoreConsole@@@@QAE@XZ 00492ba0 f i rmx core:cbConsole.obj
 0002:0001cc00       ?emptyItems@?$rmxList@PAVcbCoreConsole@@@@QAEXXZ 00492c00 f i rmx core:cbConsole.obj
 0002:0001cc70       ??0cbCoreFunction@@QAE@PAVvHPLUGIN@@PAVvHLIST@@HPAV0@@Z 00492c70 f   rmx core:cbFunction.obj
 0002:0001cf00       ??_EcbCoreFunction@@UAEPAXI@Z 00492f00 f i rmx core:cbFunction.obj
 0002:0001cf00       ??_GcbCoreFunction@@UAEPAXI@Z 00492f00 f i rmx core:cbFunction.obj
 0002:0001cf70       ??1cbCoreFunction@@UAE@XZ  00492f70 f   rmx core:cbFunction.obj
 0002:0001d1d0       ?cb_cfgMessage@cbCoreFunction@@MAEXW4cbMessage@@PAVvHLIST@@1@Z 004931d0 f   rmx core:cbFunction.obj
 0002:0001d3d0       ?activateFunction@cbCoreFunction@@QAEXPAVvHPLUGIN@@_J1@Z 004933d0 f   rmx core:cbFunction.obj
 0002:0001d4b0       ?setEventDescription@cbCoreFunction@@QAEXPAVvHPLUGIN@@_J1@Z 004934b0 f   rmx core:cbFunction.obj
 0002:0001d740       ?setDefaultDescription@cbCoreFunction@@SAXPAVvHPLUGIN@@_J1@Z 00493740 f   rmx core:cbFunction.obj
 0002:0001d920       ?getFunction@cbCoreFunction@@SAPAV1@_J0@Z 00493920 f   rmx core:cbFunction.obj
 0002:0001da10       ?root_getList@vPlugin@@QBEPAVvHLIST@@_J@Z 00493a10 f i rmx core:cbFunction.obj
 0002:0001da90       ?getFunction@cbCoreFunction@@SAPAV1@PAVvHPLUGIN@@PAVvHLIST@@H@Z 00493a90 f   rmx core:cbFunction.obj
 0002:0001dbd0       ?getFunctionByHint@cbCoreFunction@@SAPAV1@PBD_N@Z 00493bd0 f   rmx core:cbFunction.obj
 0002:0001dc90       ?getFunctionByScriptName@cbCoreFunction@@SAPAV1@PBD_N@Z 00493c90 f   rmx core:cbFunction.obj
 0002:0001dd50       ?getChildFunction@cbCoreFunction@@QAEPAV1@PAVvHPLUGIN@@PAVvHLIST@@@Z 00493d50 f   rmx core:cbFunction.obj
 0002:0001de20       ?getChildFunctionByHint@cbCoreFunction@@QAEPAV1@PBD_N@Z 00493e20 f   rmx core:cbFunction.obj
 0002:0001df20       ?getParamSafe@cbCore@@QBEPBDPBD0@Z 00493f20 f i rmx core:cbFunction.obj
 0002:0001df90       ?getChildFunctionByScriptName@cbCoreFunction@@QAEPAV1@PBD_N@Z 00493f90 f   rmx core:cbFunction.obj
 0002:0001e090       ??0?$rmxList@PBD@@QAE@XZ   00494090 f i rmx core:cbFunction.obj
 0002:0001e0f0       ??1?$rmxList@PBD@@QAE@XZ   004940f0 f i rmx core:cbFunction.obj
 0002:0001e150       ?onInsertItem@?$rmxList@PBD@@MAEXPBD0@Z 00494150 f i rmx core:cbFunction.obj
 0002:0001e190       ?onDelete@?$rmxList@PBD@@MAEXPBD@Z 00494190 f i rmx core:cbFunction.obj
 0002:0001e1d0       ?onItemMoved@?$rmxList@PBD@@MAEXPBD0@Z 004941d0 f i rmx core:cbFunction.obj
 0002:0001e210       ?appendItem@?$rmxList@PBD@@QAEHPBD@Z 00494210 f i rmx core:cbFunction.obj
 0002:0001e270       ?getLastItem@?$rmxList@PBD@@QBEPBDXZ 00494270 f i rmx core:cbFunction.obj
 0002:0001e2f0       ?getPrevItem@?$rmxList@PBD@@QBEPBDPBD@Z 004942f0 f i rmx core:cbFunction.obj
 0002:0001e390       ??0?$rmxList@PAVcbCoreFunction@@@@QAE@XZ 00494390 f i rmx core:cbFunction.obj
 0002:0001e3f0       ??1?$rmxList@PAVcbCoreFunction@@@@QAE@XZ 004943f0 f i rmx core:cbFunction.obj
 0002:0001e450       ?onInsertItem@?$rmxList@PAVcbCoreFunction@@@@MAEXPAVcbCoreFunction@@0@Z 00494450 f i rmx core:cbFunction.obj
 0002:0001e490       ?onDelete@?$rmxList@PAVcbCoreFunction@@@@MAEXPAVcbCoreFunction@@@Z 00494490 f i rmx core:cbFunction.obj
 0002:0001e4d0       ?onItemMoved@?$rmxList@PAVcbCoreFunction@@@@MAEXPAVcbCoreFunction@@0@Z 004944d0 f i rmx core:cbFunction.obj
 0002:0001e510       ?appendItem@?$rmxList@PAVcbCoreFunction@@@@QAEHPAVcbCoreFunction@@@Z 00494510 f i rmx core:cbFunction.obj
 0002:0001e570       ?removeItem@?$rmxList@PAVcbCoreFunction@@@@QAEHPAVcbCoreFunction@@@Z 00494570 f i rmx core:cbFunction.obj
 0002:0001e600       ?insertItem@?$rmxList@PBD@@QAEHPBD0@Z 00494600 f i rmx core:cbFunction.obj
 0002:0001e7a0       ?emptyItems@?$rmxList@PBD@@QAEXXZ 004947a0 f i rmx core:cbFunction.obj
 0002:0001e810       ?zeroList@?$rmxList@PBD@@AAEXXZ 00494810 f i rmx core:cbFunction.obj
 0002:0001e880       ?findItem@?$rmxList@PBD@@ABEPAUvtagLIST@1@PBD@Z 00494880 f i rmx core:cbFunction.obj
 0002:0001e960       ?insertItem@?$rmxList@PAVcbCoreFunction@@@@QAEHPAVcbCoreFunction@@0@Z 00494960 f i rmx core:cbFunction.obj
 0002:0001eb00       ?emptyItems@?$rmxList@PAVcbCoreFunction@@@@QAEXXZ 00494b00 f i rmx core:cbFunction.obj
 0002:0001eb70       ?zeroList@?$rmxList@PAVcbCoreFunction@@@@AAEXXZ 00494b70 f i rmx core:cbFunction.obj
 0002:0001ebe0       ?removeOld@?$rmxList@PAVcbCoreFunction@@@@AAEXPAUvtagLIST@1@@Z 00494be0 f i rmx core:cbFunction.obj
 0002:0001ed40       ?createNew@?$rmxList@PBD@@AAEPAUvtagLIST@1@PBD@Z 00494d40 f i rmx core:cbFunction.obj
 0002:0001ede0       ?removeOld@?$rmxList@PBD@@AAEXPAUvtagLIST@1@@Z 00494de0 f i rmx core:cbFunction.obj
 0002:0001ef40       ?createNew@?$rmxList@PAVcbCoreFunction@@@@AAEPAUvtagLIST@1@PAVcbCoreFunction@@@Z 00494f40 f i rmx core:cbFunction.obj
 0002:0001efe0       ??0sqlCallback@@QAE@PAVvHPLUGIN@@PAVvHLIST@@PAV0@@Z 00494fe0 f   rmx core:sqlCallback.obj
 0002:0001f1e0       ??_GsqlCallback@@UAEPAXI@Z 004951e0 f i rmx core:sqlCallback.obj
 0002:0001f1e0       ??_EsqlCallback@@UAEPAXI@Z 004951e0 f i rmx core:sqlCallback.obj
 0002:0001f250       ??1sqlCallback@@UAE@XZ     00495250 f   rmx core:sqlCallback.obj
 0002:0001f3d0       ?cb_cfgMessage@sqlCallback@@MAEXW4cbMessage@@PBD@Z 004953d0 f   rmx core:sqlCallback.obj
 0002:0001f470       ?cb_cfgMessage@sqlCallback@@MAEXW4cbMessage@@_J@Z 00495470 f   rmx core:sqlCallback.obj
 0002:0001f500       ?cb_cfgMessage@sqlCallback@@MAEXW4cbMessage@@PAVvHLIST@@1@Z 00495500 f   rmx core:sqlCallback.obj
 0002:0001f630       ?cb_cfgMessage@sqlCallback@@MAEXW4cbMessage@@PAVvHPARAM@@1@Z 00495630 f   rmx core:sqlCallback.obj
 0002:0001f710       ?getTypeId@sqlCallback@@QBE_JXZ 00495710 f   rmx core:sqlCallback.obj
 0002:0001f7c0       ?getType@cbCore@@QBEPBDXZ  004957c0 f i rmx core:sqlCallback.obj
 0002:0001f820       ?getId@sqlCallback@@QAE_JXZ 00495820 f   rmx core:sqlCallback.obj
 0002:0001f8a0       ?setId@sqlCallback@@QAEX_J@Z 004958a0 f   rmx core:sqlCallback.obj
 0002:0001f910       ?setId@cbCore@@QAEX_J@Z    00495910 f i rmx core:sqlCallback.obj
 0002:0001f980       ?load@sqlCallback@@QAE_N_N@Z 00495980 f   rmx core:sqlCallback.obj
 0002:0001fb00       ?save@sqlCallback@@QAE_N_N@Z 00495b00 f   rmx core:sqlCallback.obj
 0002:0001fc80       ?insertConfig@sqlCallback@@AAE_NXZ 00495c80 f   rmx core:sqlCallback.obj
 0002:0001ff50       ?isSavable@cbCore@@QBEHXZ  00495f50 f i rmx core:sqlCallback.obj
 0002:0001ffb0       ?getInsertId@vSqlite@@QBE_JXZ 00495fb0 f i rmx core:sqlCallback.obj
 0002:00020010       ?getRowsChanged@vSqlite@@QBEHXZ 00496010 f i rmx core:sqlCallback.obj
 0002:00020070       ?insertParam@sqlCallback@@AAE_NPAVvHPARAM@@@Z 00496070 f   rmx core:sqlCallback.obj
 0002:00020350       ?getRemoteParam@cbCore@@QBEPAVvHPARAM@@XZ 00496350 f i rmx core:sqlCallback.obj
 0002:00020390       ?updateConfig@sqlCallback@@AAE_N_N@Z 00496390 f   rmx core:sqlCallback.obj
 0002:00020600       ?updateParam@sqlCallback@@AAE_NPAVvHPARAM@@@Z 00496600 f   rmx core:sqlCallback.obj
 0002:00020830       ?selectConfig@sqlCallback@@AAE_N_N@Z 00496830 f   rmx core:sqlCallback.obj
 0002:00020b50       ?selectParam@sqlCallback@@AAE_NPAVvHPARAM@@@Z 00496b50 f   rmx core:sqlCallback.obj
 0002:00020e00       ?selectAllParams@sqlCallback@@AAE_NXZ 00496e00 f   rmx core:sqlCallback.obj
 0002:00021030       ??0?$rmxList@PAVsqlCallback@@@@QAE@XZ 00497030 f i rmx core:sqlCallback.obj
 0002:00021090       ??0?$rmxList@PAVsqlCallback@@@@QAE@ABV0@@Z 00497090 f i rmx core:sqlCallback.obj
 0002:00021100       ??1?$rmxList@PAVsqlCallback@@@@QAE@XZ 00497100 f i rmx core:sqlCallback.obj
 0002:00021160       ?onInsertItem@?$rmxList@PAVsqlCallback@@@@MAEXPAVsqlCallback@@0@Z 00497160 f i rmx core:sqlCallback.obj
 0002:000211a0       ?onDelete@?$rmxList@PAVsqlCallback@@@@MAEXPAVsqlCallback@@@Z 004971a0 f i rmx core:sqlCallback.obj
 0002:000211e0       ?onItemMoved@?$rmxList@PAVsqlCallback@@@@MAEXPAVsqlCallback@@0@Z 004971e0 f i rmx core:sqlCallback.obj
 0002:00021220       ?hasItem@?$rmxList@PAVsqlCallback@@@@QBEHPAVsqlCallback@@@Z 00497220 f i rmx core:sqlCallback.obj
 0002:00021280       ?appendItem@?$rmxList@PAVsqlCallback@@@@QAEHPAVsqlCallback@@@Z 00497280 f i rmx core:sqlCallback.obj
 0002:000212e0       ?removeItem@?$rmxList@PAVsqlCallback@@@@QAEHPAVsqlCallback@@@Z 004972e0 f i rmx core:sqlCallback.obj
 0002:00021370       ?getFirstItem@?$rmxList@PAVsqlCallback@@@@QBEPAVsqlCallback@@XZ 00497370 f i rmx core:sqlCallback.obj
 0002:000213f0       ?getNextItem@?$rmxList@PAVsqlCallback@@@@QBEPAVsqlCallback@@PAV2@@Z 004973f0 f i rmx core:sqlCallback.obj
 0002:00021480       ?clone@?$rmxList@PAVsqlCallback@@@@QAEXPBV1@@Z 00497480 f i rmx core:sqlCallback.obj
 0002:00021510       ?insertItem@?$rmxList@PAVsqlCallback@@@@QAEHPAVsqlCallback@@0@Z 00497510 f i rmx core:sqlCallback.obj
 0002:000216b0       ?emptyItems@?$rmxList@PAVsqlCallback@@@@QAEXXZ 004976b0 f i rmx core:sqlCallback.obj
 0002:00021720       ?zeroList@?$rmxList@PAVsqlCallback@@@@AAEXXZ 00497720 f i rmx core:sqlCallback.obj
 0002:00021790       ?removeOld@?$rmxList@PAVsqlCallback@@@@AAEXPAUvtagLIST@1@@Z 00497790 f i rmx core:sqlCallback.obj
 0002:000218f0       ?findItem@?$rmxList@PAVsqlCallback@@@@ABEPAUvtagLIST@1@PAVsqlCallback@@@Z 004978f0 f i rmx core:sqlCallback.obj
 0002:000219d0       ?createNew@?$rmxList@PAVsqlCallback@@@@AAEPAUvtagLIST@1@PAVsqlCallback@@@Z 004979d0 f i rmx core:sqlCallback.obj
 0002:00021a70       ??0RmxPlugin@@QAE@PBDPAUHINSTANCE__@@P6AXPAUrmxMsg@@@Z@Z 00497a70 f   rmx core:RmxPlugin.obj
 0002:00021b50       ?setEntry@vPlugin@@IAEXP6AXPAUrmxMsg@@@Z@Z 00497b50 f i rmx core:RmxPlugin.obj
 0002:00021ba0       ?onInitPlugin@RmxPlugin@@UAEXXZ 00497ba0 f i rmx core:RmxPlugin.obj
 0002:00021c10       ?onPostInitPlugin@RmxPlugin@@UAEXXZ 00497c10 f i rmx core:RmxPlugin.obj
 0002:00021c80       ?getPathRootName@RmxPlugin@@UBEPBDXZ 00497c80 f i rmx core:RmxPlugin.obj
 0002:00021cc0       ?getStatus@RmxPlugin@@UAEIXZ 00497cc0 f i rmx core:RmxPlugin.obj
 0002:00021d00       ?removable@RmxPlugin@@UBEHXZ 00497d00 f i rmx core:RmxPlugin.obj
 0002:00021d40       ?external@RmxPlugin@@UBEHXZ 00497d40 f i rmx core:RmxPlugin.obj
 0002:00021d80       ?list_getRoot@RmxPlugin@@UBEPAVvHLIST@@XZ 00497d80 f i rmx core:RmxPlugin.obj
 0002:00021e00       ?x_Load@RmxPlugin@@ABEHXZ  00497e00 f i rmx core:RmxPlugin.obj
 0002:00021ea0       ??_ERmxPlugin@@UAEPAXI@Z   00497ea0 f i rmx core:RmxPlugin.obj
 0002:00021ea0       ??_GRmxPlugin@@UAEPAXI@Z   00497ea0 f i rmx core:RmxPlugin.obj
 0002:00021f10       ??1RmxPlugin@@UAE@XZ       00497f10 f   rmx core:RmxPlugin.obj
 0002:00022070       ?x_Unload@RmxPlugin@@ABEHXZ 00498070 f i rmx core:RmxPlugin.obj
 0002:000220f0       ?onFirstLoad@RmxPlugin@@UAEXXZ 004980f0 f   rmx core:RmxPlugin.obj
 0002:000221b0       ?testPlugin@RmxPlugin@@QAEHXZ 004981b0 f   rmx core:RmxPlugin.obj
 0002:00022210       ?x_test@RmxPlugin@@ABEHXZ  00498210 f i rmx core:RmxPlugin.obj
 0002:00022290       ??0vLocalPlugin@@QAE@PBD0@Z 00498290 f   rmx core:LocalPlugin.obj
 0002:000223a0       ??_GvLocalPlugin@@UAEPAXI@Z 004983a0 f i rmx core:LocalPlugin.obj
 0002:000223a0       ??_EvLocalPlugin@@UAEPAXI@Z 004983a0 f i rmx core:LocalPlugin.obj
 0002:00022410       ??1vLocalPlugin@@UAE@XZ    00498410 f   rmx core:LocalPlugin.obj
 0002:00022520       ??_EvLocalPlugin@@WOI@AEPAXI@Z 00498520 f i rmx core:LocalPlugin.obj
 0002:00022530       ??_EvLocalPlugin@@WBAI@AEPAXI@Z 00498530 f i rmx core:LocalPlugin.obj
 0002:00022540       ??_EvLocalPlugin@@WMA@AEPAXI@Z 00498540 f i rmx core:LocalPlugin.obj
 0002:00022550       ??0vPlugin@@QAE@PBDPAUHINSTANCE__@@@Z 00498550 f   rmx core:Plugin.obj
 0002:00022790       ?getPathRootName@vPlugin@@UBEPBDXZ 00498790 f i rmx core:Plugin.obj
 0002:000227d0       ?getStatus@vPlugin@@UAEIXZ 004987d0 f i rmx core:Plugin.obj
 0002:00022810       ?removable@vPlugin@@UBEHXZ 00498810 f i rmx core:Plugin.obj
 0002:00022850       ?list_getRoot@vPlugin@@UBEPAVvHLIST@@XZ 00498850 f i rmx core:Plugin.obj
 0002:00022890       ??_EvPlugin@@UAEPAXI@Z     00498890 f i rmx core:Plugin.obj
 0002:00022890       ??_GvPlugin@@UAEPAXI@Z     00498890 f i rmx core:Plugin.obj
 0002:00022900       ??1vPlugin@@UAE@XZ         00498900 f   rmx core:Plugin.obj
 0002:00022b70       ??_GplugCallback@@QAEPAXI@Z 00498b70 f i rmx core:Plugin.obj
 0002:00022be0       ??1plugCallback@@QAE@XZ    00498be0 f i rmx core:Plugin.obj
 0002:00022d50       ?root_hasList@vPlugin@@QAEHPAVvHLIST@@H@Z 00498d50 f   rmx core:Plugin.obj
 0002:00022e40       ?insertCallback@vPlugin@@QAEXPAVvHLIST@@PAVvHPLUGIN@@PAX@Z 00498e40 f   rmx core:Plugin.obj
 0002:00022f60       ??0plugCallback@@QAE@PAVvPlugin@@PAVvHLIST@@0PAX@Z 00498f60 f i rmx core:Plugin.obj
 0002:00023110       ?removeCallback@vPlugin@@QAEXPAX@Z 00499110 f   rmx core:Plugin.obj
 0002:000231d0       ?getCallback@vPlugin@@QAEPAVplugCallback@@PAX@Z 004991d0 f   rmx core:Plugin.obj
 0002:00023270       ?getCallback@plugCallback@@QBEPAXXZ 00499270 f i rmx core:Plugin.obj
 0002:000232b0       ?RmxMsg@vPlugin@@MBEXPAUrmxMsg@@@Z 004992b0 f   rmx core:Plugin.obj
 0002:00023320       ?RmxMsg@vPlugin@@MBEXII@Z  00499320 f   rmx core:Plugin.obj
 0002:000233b0       ?RmxMsg@vPlugin@@MBEXIIH@Z 004993b0 f   rmx core:Plugin.obj
 0002:00023440       ?RmxMsg@vPlugin@@MBEXIIPBX@Z 00499440 f   rmx core:Plugin.obj
 0002:000234d0       ?RmxMsg@vPlugin@@MBEXIIPBX0@Z 004994d0 f   rmx core:Plugin.obj
 0002:00023570       ?RmxMsg@vPlugin@@MBEXIIPBX00@Z 00499570 f   rmx core:Plugin.obj
 0002:00023620       ?RmxMsg@vPlugin@@MBEXIIPBX0_J11@Z 00499620 f   rmx core:Plugin.obj
 0002:00023700       ?RmxMsg@vPlugin@@MBEXIIPBXHH0@Z 00499700 f   rmx core:Plugin.obj
 0002:000237b0       ?RmxMsg@vPlugin@@MBEXIIPBX0H0@Z 004997b0 f   rmx core:Plugin.obj
 0002:00023860       ?RmxMsg@vPlugin@@MBEXIIPBX000@Z 00499860 f   rmx core:Plugin.obj
 0002:00023910       ?RmxMsg@vPlugin@@MBEXIIPBX0_J@Z 00499910 f   rmx core:Plugin.obj
 0002:000239c0       ?RmxMsg@vPlugin@@MBEXIIPBX0N@Z 004999c0 f   rmx core:Plugin.obj
 0002:00023a70       ?RmxMsg@vPlugin@@MBEXIIPBX0H@Z 00499a70 f   rmx core:Plugin.obj
 0002:00023b20       ?RmxMsg@vPlugin@@MBEXIIPBX0U_GUID@@@Z 00499b20 f   rmx core:Plugin.obj
 0002:00023c20       ?RmxMsg@vPlugin@@MBEXIIPBXH@Z 00499c20 f   rmx core:Plugin.obj
 0002:00023cc0       ?RmxMsg@vPlugin@@MBEXIIPBX_J@Z 00499cc0 f   rmx core:Plugin.obj
 0002:00023d70       ?RmxMsg@vPlugin@@MBEXIIPBXN@Z 00499d70 f   rmx core:Plugin.obj
 0002:00023e10       ?RmxMsg@vPlugin@@MBEXIIPBX_JH@Z 00499e10 f   rmx core:Plugin.obj
 0002:00023ec0       ?RmxMsg@vPlugin@@MBEXIIPBXK@Z 00499ec0 f   rmx core:Plugin.obj
 0002:00023f60       ?RmxMsg@vPlugin@@MBEXIIPBX0K@Z 00499f60 f   rmx core:Plugin.obj
 0002:00024010       ??0?$rmxList@PAVplugCallback@@@@QAE@XZ 0049a010 f i rmx core:Plugin.obj
 0002:00024070       ??1?$rmxList@PAVplugCallback@@@@QAE@XZ 0049a070 f i rmx core:Plugin.obj
 0002:000240d0       ?onInsertItem@?$rmxList@PAVplugCallback@@@@MAEXPAVplugCallback@@0@Z 0049a0d0 f i rmx core:Plugin.obj
 0002:00024110       ?onDelete@?$rmxList@PAVplugCallback@@@@MAEXPAVplugCallback@@@Z 0049a110 f i rmx core:Plugin.obj
 0002:00024150       ?onItemMoved@?$rmxList@PAVplugCallback@@@@MAEXPAVplugCallback@@0@Z 0049a150 f i rmx core:Plugin.obj
 0002:00024190       ?appendItem@?$rmxList@PAVplugCallback@@@@QAEHPAVplugCallback@@@Z 0049a190 f i rmx core:Plugin.obj
 0002:000241f0       ?removeItem@?$rmxList@PAVplugCallback@@@@QAEHPAVplugCallback@@@Z 0049a1f0 f i rmx core:Plugin.obj
 0002:00024280       ?getFirstItem@?$rmxList@PAVplugCallback@@@@QBEPAVplugCallback@@XZ 0049a280 f i rmx core:Plugin.obj
 0002:00024300       ?getNextItem@?$rmxList@PAVplugCallback@@@@QBEPAVplugCallback@@PAV2@@Z 0049a300 f i rmx core:Plugin.obj
 0002:00024390       ?insertItem@?$rmxList@PAVplugCallback@@@@QAEHPAVplugCallback@@0@Z 0049a390 f i rmx core:Plugin.obj
 0002:00024530       ?emptyItems@?$rmxList@PAVplugCallback@@@@QAEXXZ 0049a530 f i rmx core:Plugin.obj
 0002:000245a0       ?zeroList@?$rmxList@PAVplugCallback@@@@AAEXXZ 0049a5a0 f i rmx core:Plugin.obj
 0002:00024610       ?removeOld@?$rmxList@PAVplugCallback@@@@AAEXPAUvtagLIST@1@@Z 0049a610 f i rmx core:Plugin.obj
 0002:00024770       ?findItem@?$rmxList@PAVplugCallback@@@@ABEPAUvtagLIST@1@PAVplugCallback@@@Z 0049a770 f i rmx core:Plugin.obj
 0002:00024850       ?createNew@?$rmxList@PAVplugCallback@@@@AAEPAUvtagLIST@1@PAVplugCallback@@@Z 0049a850 f i rmx core:Plugin.obj
 0002:000248f0       ??0httpFile@@QAE@PAVJNL_HTTPServ@@PAVrmxDataList@@@Z 0049a8f0 f   rmx core:file.obj
 0002:00024bc0       ??1IPageGenerator@@UAE@XZ  0049abc0 f i rmx core:file.obj
 0002:00024c00       ?IsNonBlocking@IPageGenerator@@UAEHXZ 0049ac00 f i rmx core:file.obj
 0002:00024c40       ?getMimeType@IPageGenerator@@UAEPBDXZ 0049ac40 f i rmx core:file.obj
 0002:00024c80       ??_EIPageGenerator@@UAEPAXI@Z 0049ac80 f i rmx core:file.obj
 0002:00024c80       ??_GIPageGenerator@@UAEPAXI@Z 0049ac80 f i rmx core:file.obj
 0002:00024cf0       ??_EhttpFile@@UAEPAXI@Z    0049acf0 f i rmx core:file.obj
 0002:00024cf0       ??_GhttpFile@@UAEPAXI@Z    0049acf0 f i rmx core:file.obj
 0002:00024d60       ??0IPageGenerator@@QAE@XZ  0049ad60 f i rmx core:file.obj
 0002:00024db0       ??1httpFile@@UAE@XZ        0049adb0 f   rmx core:file.obj
 0002:00024e40       ?GetData@httpFile@@MAEHPADH@Z 0049ae40 f   rmx core:file.obj
 0002:00024ed0       ??0httpApi@@QAE@PAVJNL_HTTPServ@@PAVrmxDataList@@@Z 0049aed0 f   rmx core:api.obj
 0002:00025460       ?getName@prmBase@@QBEPBDXZ 0049b460 f i rmx core:api.obj
 0002:000254c0       ?getParam@cfgBase@@QAEPAVprmBase@@XZ 0049b4c0 f i rmx core:api.obj
 0002:00025500       ?getFirstParam@cfgBase@@QBEPAVprmBase@@XZ 0049b500 f i rmx core:api.obj
 0002:00025560       ?getNextParam@cfgBase@@QBEPAVprmBase@@PBV2@@Z 0049b560 f i rmx core:api.obj
 0002:000255c0       ?isFunction@cbCoreFunction@@QBE_NXZ 0049b5c0 f i rmx core:api.obj
 0002:00025610       ?get_request@JNL_HTTPServ@@QBEPBDXZ 0049b610 f i rmx core:api.obj
 0002:00025670       ??_EhttpApi@@UAEPAXI@Z     0049b670 f i rmx core:api.obj
 0002:00025670       ??_GhttpApi@@UAEPAXI@Z     0049b670 f i rmx core:api.obj
 0002:000256e0       ??1httpApi@@UAE@XZ         0049b6e0 f   rmx core:api.obj
 0002:00025750       ?getFirstItem@?$rmxList@PAVprmBase@@@@QBEPAVprmBase@@XZ 0049b750 f i rmx core:api.obj
 0002:000257d0       ?getNextItem@?$rmxList@PAVprmBase@@@@QBEPAVprmBase@@PAV2@@Z 0049b7d0 f i rmx core:api.obj
 0002:00025860       ?findItem@?$rmxList@PAVprmBase@@@@ABEPAUvtagLIST@1@PAVprmBase@@@Z 0049b860 f i rmx core:api.obj
 0002:00025940       ??_EhttpApi@@W3AEPAXI@Z    0049b940 f i rmx core:api.obj
 0002:00025950       ??0httpApiCore@@QAE@PAVJNL_HTTPServ@@PAVrmxDataList@@@Z 0049b950 f   rmx core:apiCore.obj
 0002:00025c50       ??0rmxString@@QAE@HPBD@Z   0049bc50 f i rmx core:apiCore.obj
 0002:00025cc0       ??_GhttpApiCore@@UAEPAXI@Z 0049bcc0 f i rmx core:apiCore.obj
 0002:00025cc0       ??_EhttpApiCore@@UAEPAXI@Z 0049bcc0 f i rmx core:apiCore.obj
 0002:00025d30       ??1httpApiCore@@UAE@XZ     0049bd30 f   rmx core:apiCore.obj
 0002:00025da0       ?dumpList@httpApiCore@@IAEXPAVvPlugin@@PAVvHLIST@@AAVrmxString@@_N@Z 0049bda0 f   rmx core:apiCore.obj
 0002:00025fb0       ??_EhttpApiCore@@W3AEPAXI@Z 0049bfb0 f i rmx core:apiCore.obj
 0002:00025fc0       ??0httpBase@@QAE@PAVJNL_HTTPServ@@@Z 0049bfc0 f   rmx core:base.obj
 0002:000260a0       ??_EhttpBase@@UAEPAXI@Z    0049c0a0 f i rmx core:base.obj
 0002:000260a0       ??_GhttpBase@@UAEPAXI@Z    0049c0a0 f i rmx core:base.obj
 0002:00026110       ??1httpBase@@UAE@XZ        0049c110 f   rmx core:base.obj
 0002:000261f0       ?setBuffer@httpBase@@IAEXPBD@Z 0049c1f0 f   rmx core:base.obj
 0002:00026260       ?GetData@httpBase@@MAEHPADH@Z 0049c260 f   rmx core:base.obj
 0002:00026330       ??_EhttpBase@@W3AEPAXI@Z   0049c330 f i rmx core:base.obj
 0002:00026340       _sqlite3_compileoption_get 0049c340 f   sqlite:sqlite3.obj
 0002:00027040       _sqlite3_mutex_alloc       0049d040 f   sqlite:sqlite3.obj
 0002:00027080       _sqlite3_mutex_free        0049d080 f   sqlite:sqlite3.obj
 0002:000270a0       _sqlite3_mutex_enter       0049d0a0 f   sqlite:sqlite3.obj
 0002:000270c0       _sqlite3_mutex_try         0049d0c0 f   sqlite:sqlite3.obj
 0002:000270e0       _sqlite3_mutex_leave       0049d0e0 f   sqlite:sqlite3.obj
 0002:00027290       _sqlite3_release_memory    0049d290 f   sqlite:sqlite3.obj
 0002:00027360       _sqlite3_memory_alarm      0049d360 f   sqlite:sqlite3.obj
 0002:00027510       _sqlite3_free              0049d510 f   sqlite:sqlite3.obj
 0002:00027a70       _sqlite3_strnicmp          0049da70 f   sqlite:sqlite3.obj
 0002:000290f0       _sqlite3_win32_mbcs_to_utf8 0049f0f0 f   sqlite:sqlite3.obj
 0002:00029130       _sqlite3_win32_utf8_to_mbcs 0049f130 f   sqlite:sqlite3.obj
 0002:00029970       _sqlite3_os_end            0049f970 f   sqlite:sqlite3.obj
 0002:0002d4b0       _sqlite3_enable_shared_cache 004a34b0 f   sqlite:sqlite3.obj
 0002:0002e680       _sqlite3_backup_remaining  004a4680 f   sqlite:sqlite3.obj
 0002:0002e690       _sqlite3_backup_pagecount  004a4690 f   sqlite:sqlite3.obj
 0002:0002eac0       _sqlite3_sql               004a4ac0 f   sqlite:sqlite3.obj
 0002:0002f5b0       _sqlite3_expired           004a55b0 f   sqlite:sqlite3.obj
 0002:0002f5d0       _sqlite3_value_double      004a55d0 f   sqlite:sqlite3.obj
 0002:0002f630       _sqlite3_value_int         004a5630 f   sqlite:sqlite3.obj
 0002:0002f640       _sqlite3_value_int64       004a5640 f   sqlite:sqlite3.obj
 0002:0002f650       _sqlite3_value_type        004a5650 f   sqlite:sqlite3.obj
 0002:0002f660       _sqlite3_result_null       004a5660 f   sqlite:sqlite3.obj
 0002:0002f6c0       _sqlite3_result_error_nomem 004a56c0 f   sqlite:sqlite3.obj
 0002:0002f730       _sqlite3_user_data         004a5730 f   sqlite:sqlite3.obj
 0002:0002f740       _sqlite3_context_db_handle 004a5740 f   sqlite:sqlite3.obj
 0002:0002f750       _sqlite3_get_auxdata       004a5750 f   sqlite:sqlite3.obj
 0002:0002f780       _sqlite3_aggregate_count   004a5780 f   sqlite:sqlite3.obj
 0002:0002f790       _sqlite3_column_count      004a5790 f   sqlite:sqlite3.obj
 0002:0002f7b0       _sqlite3_data_count        004a57b0 f   sqlite:sqlite3.obj
 0002:0002f850       _sqlite3_bind_parameter_count 004a5850 f   sqlite:sqlite3.obj
 0002:0002f870       _sqlite3_bind_parameter_name 004a5870 f   sqlite:sqlite3.obj
 0002:0002f9f0       _sqlite3_bind_parameter_index 004a59f0 f   sqlite:sqlite3.obj
[...]
 0004:00003f80       ___native_startup_state    00586f80     <common>
 0004:00003f90       ___native_startup_lock     00586f90     <common>
 0004:00003f94       __adjust_fdiv              00586f94     <common>
 0004:00003fa0       ___onexitend               00586fa0     <common>
 0004:00003fb0       ___onexitbegin             00586fb0     <common>
 0004:00003fb4       ___dyn_tls_init_callback   00586fb4     <common>
 0005:00000000       __IMPORT_DESCRIPTOR_KERNEL32 00587000     kernel32:KERNEL32.dll
 0005:00000014       __IMPORT_DESCRIPTOR_USER32 00587014     user32:USER32.dll
 0005:00000028       __IMPORT_DESCRIPTOR_SHELL32 00587028     shell32:SHELL32.dll
 0005:0000003c       __IMPORT_DESCRIPTOR_MSVCP80D 0058703c     msvcprtd:MSVCP80D.dll
 0005:00000050       __IMPORT_DESCRIPTOR_MSVCR80D 00587050     MSVCRTD:MSVCR80D.dll
 0005:00000064       __IMPORT_DESCRIPTOR_WS2_32 00587064     WS2_32:WS2_32.dll
 0005:00000078       __NULL_IMPORT_DESCRIPTOR   00587078     kernel32:KERNEL32.dll
 0005:0000058c       __imp__SetProcessWorkingSetSize@12 0058758c     kernel32:KERNEL32.dll
 0005:00000590       __imp__GetCurrentProcess@0 00587590     kernel32:KERNEL32.dll
 0005:00000594       __imp__IsDebuggerPresent@0 00587594     kernel32:KERNEL32.dll
 0005:00000598       __imp__DebugBreak@0        00587598     kernel32:KERNEL32.dll
 0005:0000059c       __imp__RaiseException@16   0058759c     kernel32:KERNEL32.dll
 0005:000005a0       __imp__ReleaseMutex@4      005875a0     kernel32:KERNEL32.dll
 0005:000005a4       __imp__CreateMutexW@12     005875a4     kernel32:KERNEL32.dll
 0005:000005a8       __imp__GetThreadPriority@4 005875a8     kernel32:KERNEL32.dll
 0005:000005ac       __imp__SetThreadPriority@8 005875ac     kernel32:KERNEL32.dll
 0005:000005b0       __imp__WaitForSingleObject@8 005875b0     kernel32:KERNEL32.dll
 0005:000005b4       __imp__CreateThread@24     005875b4     kernel32:KERNEL32.dll
 0005:000005b8       __imp__GetModuleFileNameW@12 005875b8     kernel32:KERNEL32.dll
 0005:000005bc       __imp__GetVersionExW@4     005875bc     kernel32:KERNEL32.dll
 0005:000005c0       __imp__CreateFileMappingA@24 005875c0     kernel32:KERNEL32.dll
 0005:000005c4       __imp__MapViewOfFile@20    005875c4     kernel32:KERNEL32.dll
 0005:000005c8       __imp__GetSystemInfo@4     005875c8     kernel32:KERNEL32.dll
 0005:000005cc       __imp__CreateFileW@28      005875cc     kernel32:KERNEL32.dll
 0005:000005d0       __imp__CreateFileA@28      005875d0     kernel32:KERNEL32.dll
 0005:000005d4       __imp__UnmapViewOfFile@4   005875d4     kernel32:KERNEL32.dll
 0005:000005d8       __imp__GetDiskFreeSpaceW@20 005875d8     kernel32:KERNEL32.dll
 0005:000005dc       __imp__GetDiskFreeSpaceA@20 005875dc     kernel32:KERNEL32.dll
 0005:000005e0       __imp__GetFullPathNameW@16 005875e0     kernel32:KERNEL32.dll
 0005:000005e4       __imp__GetFullPathNameA@16 005875e4     kernel32:KERNEL32.dll
 0005:000005e8       __imp__GetFileAttributesExW@12 005875e8     kernel32:KERNEL32.dll
 0005:000005ec       __imp__DeleteFileW@4       005875ec     kernel32:KERNEL32.dll
 0005:000005f0       __imp__GetFileAttributesW@4 005875f0     kernel32:KERNEL32.dll
 0005:000005f4       __imp__DeleteFileA@4       005875f4     kernel32:KERNEL32.dll
 0005:000005f8       __imp__GetFileAttributesA@4 005875f8     kernel32:KERNEL32.dll
 0005:000005fc       __imp__GetTempPathW@8      005875fc     kernel32:KERNEL32.dll
 0005:00000600       __imp__GetTempPathA@8      00587600     kernel32:KERNEL32.dll
 0005:00000604       __imp__GetFileSize@8       00587604     kernel32:KERNEL32.dll
 0005:00000608       __imp__FlushFileBuffers@4  00587608     kernel32:KERNEL32.dll
 0005:0000060c       __imp__SetEndOfFile@4      0058760c     kernel32:KERNEL32.dll
 0005:00000610       __imp__WriteFile@20        00587610     kernel32:KERNEL32.dll
 0005:00000614       __imp__ReadFile@20         00587614     kernel32:KERNEL32.dll
 0005:00000618       __imp__CloseHandle@4       00587618     kernel32:KERNEL32.dll
 0005:0000061c       __imp__SetFilePointer@16   0058761c     kernel32:KERNEL32.dll
 0005:00000620       __imp__FormatMessageW@28   00587620     kernel32:KERNEL32.dll
 0005:00000624       __imp__FormatMessageA@28   00587624     kernel32:KERNEL32.dll
 0005:00000628       __imp__LocalFree@4         00587628     kernel32:KERNEL32.dll
 0005:0000062c       __imp__GetSystemTimeAsFileTime@4 0058762c     kernel32:KERNEL32.dll
 0005:00000630       __imp__GetSystemTime@4     00587630     kernel32:KERNEL32.dll
 0005:00000634       __imp__GetCurrentProcessId@0 00587634     kernel32:KERNEL32.dll
 0005:00000638       __imp__GetTickCount@0      00587638     kernel32:KERNEL32.dll
 0005:0000063c       __imp__QueryPerformanceCounter@4 0058763c     kernel32:KERNEL32.dll
 0005:00000640       __imp__LoadLibraryW@4      00587640     kernel32:KERNEL32.dll
 0005:00000644       __imp__UnlockFileEx@20     00587644     kernel32:KERNEL32.dll
 0005:00000648       __imp__LockFileEx@24       00587648     kernel32:KERNEL32.dll
 0005:0000064c       __imp__LockFile@20         0058764c     kernel32:KERNEL32.dll
 0005:00000650       __imp__UnlockFile@20       00587650     kernel32:KERNEL32.dll
 0005:00000654       __imp__AreFileApisANSI@0   00587654     kernel32:KERNEL32.dll
 0005:00000658       __imp__WideCharToMultiByte@32 00587658     kernel32:KERNEL32.dll
 0005:0000065c       __imp__MultiByteToWideChar@24 0058765c     kernel32:KERNEL32.dll
 0005:00000660       __imp__GetVersionExA@4     00587660     kernel32:KERNEL32.dll
 0005:00000664       __imp__LeaveCriticalSection@4 00587664     kernel32:KERNEL32.dll
 0005:00000668       __imp__EnterCriticalSection@4 00587668     kernel32:KERNEL32.dll
 0005:0000066c       __imp__DeleteCriticalSection@4 0058766c     kernel32:KERNEL32.dll
 0005:00000670       __imp__InterlockedCompareExchange@12 00587670     kernel32:KERNEL32.dll
 0005:00000674       __imp__InitializeCriticalSection@4 00587674     kernel32:KERNEL32.dll
 0005:00000678       __imp__Sleep@4             00587678     kernel32:KERNEL32.dll
 0005:0000067c       __imp__SetErrorMode@4      0058767c     kernel32:KERNEL32.dll
 0005:00000680       __imp__LoadLibraryA@4      00587680     kernel32:KERNEL32.dll
 0005:00000684       __imp__DisableThreadLibraryCalls@4 00587684     kernel32:KERNEL32.dll
 0005:00000688       __imp__FreeLibrary@4       00587688     kernel32:KERNEL32.dll
 0005:0000068c       __imp__SetLastError@4      0058768c     kernel32:KERNEL32.dll
 0005:00000690       __imp__GetProcAddress@8    00587690     kernel32:KERNEL32.dll
 0005:00000694       __imp__GetLastError@0      00587694     kernel32:KERNEL32.dll
 0005:00000698       __imp__CreateDirectoryA@8  00587698     kernel32:KERNEL32.dll
 0005:0000069c       __imp__InterlockedExchange@8 0058769c     kernel32:KERNEL32.dll
 0005:000006a0       __imp__GetStartupInfoA@4   005876a0     kernel32:KERNEL32.dll
 0005:000006a4       __imp__HeapFree@12         005876a4     kernel32:KERNEL32.dll
 0005:000006a8       __imp__HeapAlloc@12        005876a8     kernel32:KERNEL32.dll
 0005:000006ac       __imp__GetProcessHeap@0    005876ac     kernel32:KERNEL32.dll
 0005:000006b0       __imp__VirtualQuery@12     005876b0     kernel32:KERNEL32.dll
 0005:000006b4       __imp__TerminateProcess@8  005876b4     kernel32:KERNEL32.dll
 0005:000006b8       __imp__UnhandledExceptionFilter@4 005876b8     kernel32:KERNEL32.dll
 0005:000006bc       __imp__SetUnhandledExceptionFilter@4 005876bc     kernel32:KERNEL32.dll
 0005:000006c0       __imp__GetCurrentThreadId@0 005876c0     kernel32:KERNEL32.dll
 0005:000006c4       __imp__lstrlenA@4          005876c4     kernel32:KERNEL32.dll
 0005:000006c8       \177KERNEL32_NULL_THUNK_DATA 005876c8     kernel32:KERNEL32.dll
 0005:00000730       __imp_?_Debug_message@std@@YAXPB_W0I@Z 00587730     msvcprtd:MSVCP80D.dll
 0005:00000734       __imp_??0_Lockit@std@@QAE@H@Z 00587734     msvcprtd:MSVCP80D.dll
 0005:00000738       __imp_??1_Lockit@std@@QAE@XZ 00587738     msvcprtd:MSVCP80D.dll
 0005:0000073c       __imp_?get@?$basic_istream@DU?$char_traits@D@std@@@std@@QAEAAV12@AAD@Z 0058773c     msvcprtd:MSVCP80D.dll
 0005:00000740       __imp_?eof@ios_base@std@@QBE_NXZ 00587740     msvcprtd:MSVCP80D.dll
 0005:00000744       __imp_?write@?$basic_ostream@DU?$char_traits@D@std@@@std@@QAEAAV12@PBDH@Z 00587744     msvcprtd:MSVCP80D.dll
 0005:00000748       __imp_?c_str@?$basic_string@DU?$char_traits@D@std@@V?$allocator@D@2@@std@@QBEPBDXZ 00587748     msvcprtd:MSVCP80D.dll
 0005:0000074c       __imp_??0?$basic_string@DU?$char_traits@D@std@@V?$allocator@D@2@@std@@QAE@ABV01@@Z 0058774c     msvcprtd:MSVCP80D.dll
 0005:00000750       __imp_??0?$basic_string@DU?$char_traits@D@std@@V?$allocator@D@2@@std@@QAE@PBD@Z 00587750     msvcprtd:MSVCP80D.dll
 0005:00000754       __imp_??1?$basic_string@DU?$char_traits@D@std@@V?$allocator@D@2@@std@@QAE@XZ 00587754     msvcprtd:MSVCP80D.dll
 0005:00000758       __imp_?_Orphan_all@_Container_base@std@@QBEXXZ 00587758     msvcprtd:MSVCP80D.dll
 0005:0000075c       \177MSVCP80D_NULL_THUNK_DATA 0058775c     msvcprtd:MSVCP80D.dll
 0005:00000790       __imp___CrtSetCheckCount   00587790     MSVCRTD:MSVCR80D.dll
 0005:00000794       __imp___initterm           00587794     MSVCRTD:MSVCR80D.dll
 0005:00000798       __imp___initterm_e         00587798     MSVCRTD:MSVCR80D.dll
 0005:0000079c       __imp___stricmp            0058779c     MSVCRTD:MSVCR80D.dll
 0005:0000079c       __imp___strcmpi            0058779c     MSVCRTD:MSVCR80D.dll
 0005:000007a0       __imp___unlock             005877a0     MSVCRTD:MSVCR80D.dll
 0005:000007a4       __imp____dllonexit         005877a4     MSVCRTD:MSVCR80D.dll
 0005:000007a8       __imp___adjust_fdiv        005877a8     MSVCRTD:MSVCR80D.dll
 0005:000007ac       __imp___acmdln             005877ac     MSVCRTD:MSVCR80D.dll
 0005:000007b0       __imp___decode_pointer     005877b0     MSVCRTD:MSVCR80D.dll
 0005:000007b4       __imp___except_handler4_common 005877b4     MSVCRTD:MSVCR80D.dll
 0005:000007b8       __imp___crt_debugger_hook  005877b8     MSVCRTD:MSVCR80D.dll
 0005:000007bc       __imp_?terminate@@YAXXZ    005877bc     MSVCRTD:MSVCR80D.dll
 0005:000007c0       __imp_?_type_info_dtor_internal_method@type_info@@QAEXXZ 005877c0     MSVCRTD:MSVCR80D.dll
 0005:000007c4       __imp___controlfp_s        005877c4     MSVCRTD:MSVCR80D.dll
 0005:000007c8       __imp___invoke_watson      005877c8     MSVCRTD:MSVCR80D.dll
 0005:000007cc       __imp___ismbblead          005877cc     MSVCRTD:MSVCR80D.dll
 0005:000007d0       __imp__exit                005877d0     MSVCRTD:MSVCR80D.dll
 0005:000007d4       __imp___cexit              005877d4     MSVCRTD:MSVCR80D.dll
 0005:000007d8       __imp___XcptFilter         005877d8     MSVCRTD:MSVCR80D.dll
 0005:000007dc       __imp___exit               005877dc     MSVCRTD:MSVCR80D.dll
 0005:000007e0       __imp____getmainargs       005877e0     MSVCRTD:MSVCR80D.dll
 0005:000007e4       __imp___amsg_exit          005877e4     MSVCRTD:MSVCR80D.dll
 0005:000007e8       __imp____set_app_type      005877e8     MSVCRTD:MSVCR80D.dll
 0005:000007ec       __imp___encode_pointer     005877ec     MSVCRTD:MSVCR80D.dll
 0005:000007f0       __imp____p__fmode          005877f0     MSVCRTD:MSVCR80D.dll
 0005:000007f4       __imp___onexit             005877f4     MSVCRTD:MSVCR80D.dll
 0005:000007f8       __imp____p__commode        005877f8     MSVCRTD:MSVCR80D.dll
 0005:000007fc       __imp____setusermatherr    005877fc     MSVCRTD:MSVCR80D.dll
 0005:00000800       __imp___configthreadlocale 00587800     MSVCRTD:MSVCR80D.dll
 0005:00000804       __imp___CRT_RTC_INITW      00587804     MSVCRTD:MSVCR80D.dll
 0005:00000808       __imp__strcpy              00587808     MSVCRTD:MSVCR80D.dll
 0005:0000080c       __imp__strcat              0058780c     MSVCRTD:MSVCR80D.dll
 0005:00000810       __imp___strnicmp           00587810     MSVCRTD:MSVCR80D.dll
 0005:00000810       __imp__strnicmp            00587810     MSVCRTD:MSVCR80D.dll
 0005:00000814       __imp___time64             00587814     MSVCRTD:MSVCR80D.dll
 0005:00000818       __imp__memchr              00587818     MSVCRTD:MSVCR80D.dll
 0005:0000081c       __imp__memcmp              0058781c     MSVCRTD:MSVCR80D.dll
 0005:00000820       __imp__tolower             00587820     MSVCRTD:MSVCR80D.dll
 0005:00000824       __imp__toupper             00587824     MSVCRTD:MSVCR80D.dll
 0005:00000828       __imp_?what@exception@std@@UBEPBDXZ 00587828     MSVCRTD:MSVCR80D.dll
 0005:0000082c       __imp_??0exception@std@@QAE@ABQBD@Z 0058782c     MSVCRTD:MSVCR80D.dll
 0005:00000830       __imp___CrtDbgReportW      00587830     MSVCRTD:MSVCR80D.dll
 0005:00000834       __imp___invalid_parameter  00587834     MSVCRTD:MSVCR80D.dll
 0005:00000838       __imp__isspace             00587838     MSVCRTD:MSVCR80D.dll
 0005:0000083c       __imp___vsnprintf          0058783c     MSVCRTD:MSVCR80D.dll
 0005:00000840       __imp_??0exception@std@@QAE@XZ 00587840     MSVCRTD:MSVCR80D.dll
 0005:00000844       __imp_??1exception@std@@UAE@XZ 00587844     MSVCRTD:MSVCR80D.dll
 0005:00000848       __imp_??0exception@std@@QAE@ABV01@@Z 00587848     MSVCRTD:MSVCR80D.dll
 0005:0000084c       __imp___CxxThrowException@8 0058784c     MSVCRTD:MSVCR80D.dll
 0005:00000850       __imp__sscanf              00587850     MSVCRTD:MSVCR80D.dll
 0005:00000854       __imp___wassert            00587854     MSVCRTD:MSVCR80D.dll
 0005:00000858       __imp__localeconv          00587858     MSVCRTD:MSVCR80D.dll
 0005:0000085c       __imp__rand_s              0058785c     MSVCRTD:MSVCR80D.dll
 0005:00000860       __imp__rand                00587860     MSVCRTD:MSVCR80D.dll
 0005:00000864       __imp___stat64i32          00587864     MSVCRTD:MSVCR80D.dll
 0005:00000868       __imp__strtod              00587868     MSVCRTD:MSVCR80D.dll
 0005:0000086c       __imp__sscanf_s            0058786c     MSVCRTD:MSVCR80D.dll
 0005:00000870       __imp__strncmp             00587870     MSVCRTD:MSVCR80D.dll
 0005:00000874       __imp__memmove             00587874     MSVCRTD:MSVCR80D.dll
 0005:00000878       __imp__realloc             00587878     MSVCRTD:MSVCR80D.dll
 0005:0000087c       __imp___localtime64_s      0058787c     MSVCRTD:MSVCR80D.dll
 0005:00000880       __imp__fread               00587880     MSVCRTD:MSVCR80D.dll
 0005:00000884       __imp__fclose              00587884     MSVCRTD:MSVCR80D.dll
 0005:00000888       __imp___purecall           00587888     MSVCRTD:MSVCR80D.dll
 0005:0000088c       __imp__fopen_s             0058788c     MSVCRTD:MSVCR80D.dll
 0005:00000890       __imp__memcpy              00587890     MSVCRTD:MSVCR80D.dll
 0005:00000894       __imp__malloc              00587894     MSVCRTD:MSVCR80D.dll
 0005:00000898       __imp__free                00587898     MSVCRTD:MSVCR80D.dll
 0005:0000089c       __imp___findfirst64i32     0058789c     MSVCRTD:MSVCR80D.dll
 0005:000008a0       __imp___findnext64i32      005878a0     MSVCRTD:MSVCR80D.dll
 0005:000008a4       __imp___findclose          005878a4     MSVCRTD:MSVCR80D.dll
 0005:000008a8       __imp__strlen              005878a8     MSVCRTD:MSVCR80D.dll
 0005:000008ac       __imp__strncpy_s           005878ac     MSVCRTD:MSVCR80D.dll
 0005:000008b0       __imp__strncat_s           005878b0     MSVCRTD:MSVCR80D.dll
 0005:000008b4       __imp__strcmp              005878b4     MSVCRTD:MSVCR80D.dll
 0005:000008b8       __imp__srand               005878b8     MSVCRTD:MSVCR80D.dll
 0005:000008bc       __imp____CxxFrameHandler3  005878bc     MSVCRTD:MSVCR80D.dll
 0005:000008c0       __imp__sprintf_s           005878c0     MSVCRTD:MSVCR80D.dll
 0005:000008c4       __imp_??3@YAXPAX@Z         005878c4     MSVCRTD:MSVCR80D.dll
 0005:000008c8       __imp_??2@YAPAXI@Z         005878c8     MSVCRTD:MSVCR80D.dll
 0005:000008cc       __imp__memset              005878cc     MSVCRTD:MSVCR80D.dll
 0005:000008d0       __imp___lock               005878d0     MSVCRTD:MSVCR80D.dll
 0005:000008d4       \177MSVCR80D_NULL_THUNK_DATA 005878d4     MSVCRTD:MSVCR80D.dll
 0005:00000940       __imp__ShellExecuteW@24    00587940     shell32:SHELL32.dll
 0005:00000944       \177SHELL32_NULL_THUNK_DATA 00587944     shell32:SHELL32.dll
 0005:00000970       __imp__SetWindowLongW@12   00587970     user32:USER32.dll
 0005:00000974       __imp__CreateWindowExW@48  00587974     user32:USER32.dll
 0005:00000978       __imp__RegisterClassExW@4  00587978     user32:USER32.dll
 0005:0000097c       __imp__GetClassInfoExW@12  0058797c     user32:USER32.dll
 0005:00000980       __imp__SendMessageA@16     00587980     user32:USER32.dll
 0005:00000984       __imp__PostMessageW@16     00587984     user32:USER32.dll
 0005:00000988       __imp__PostMessageA@16     00587988     user32:USER32.dll
 0005:0000098c       __imp__GetWindowLongW@8    0058798c     user32:USER32.dll
 0005:00000990       __imp__DefWindowProcW@16   00587990     user32:USER32.dll
 0005:00000994       __imp__DestroyWindow@4     00587994     user32:USER32.dll
 0005:00000998       __imp__KillTimer@8         00587998     user32:USER32.dll
 0005:0000099c       __imp__PostQuitMessage@4   0058799c     user32:USER32.dll
 0005:000009a0       __imp__FindWindowA@8       005879a0     user32:USER32.dll
 0005:000009a4       __imp__SendMessageW@16     005879a4     user32:USER32.dll
 0005:000009a8       __imp__ShowWindow@8        005879a8     user32:USER32.dll
 0005:000009ac       __imp__GetMessageW@16      005879ac     user32:USER32.dll
 0005:000009b0       __imp__MessageBoxW@16      005879b0     user32:USER32.dll
 0005:000009b4       __imp__TranslateMessage@4  005879b4     user32:USER32.dll
 0005:000009b8       __imp__DispatchMessageW@4  005879b8     user32:USER32.dll
 0005:000009bc       __imp__SetTimer@16         005879bc     user32:USER32.dll
 0005:000009c0       \177USER32_NULL_THUNK_DATA 005879c0     user32:USER32.dll
 0005:000009fc       __imp__getsockname@12      005879fc     WS2_32:WS2_32.dll
 0005:00000a00       __imp__connect@12          00587a00     WS2_32:WS2_32.dll
 0005:00000a04       __imp__WSAGetLastError@0   00587a04     WS2_32:WS2_32.dll
 0005:00000a08       __imp__select@20           00587a08     WS2_32:WS2_32.dll
 0005:00000a0c       __imp____WSAFDIsSet@8      00587a0c     WS2_32:WS2_32.dll
 0005:00000a10       __imp__send@16             00587a10     WS2_32:WS2_32.dll
 0005:00000a14       __imp__recv@16             00587a14     WS2_32:WS2_32.dll
 0005:00000a18       __imp__shutdown@8          00587a18     WS2_32:WS2_32.dll
 0005:00000a1c       __imp__accept@12           00587a1c     WS2_32:WS2_32.dll
 0005:00000a20       __imp__socket@12           00587a20     WS2_32:WS2_32.dll
 0005:00000a24       __imp__ioctlsocket@12      00587a24     WS2_32:WS2_32.dll
 0005:00000a28       __imp__htons@4             00587a28     WS2_32:WS2_32.dll
 0005:00000a2c       __imp__bind@12             00587a2c     WS2_32:WS2_32.dll
 0005:00000a30       __imp__closesocket@4       00587a30     WS2_32:WS2_32.dll
 0005:00000a34       __imp__listen@8            00587a34     WS2_32:WS2_32.dll
 0005:00000a38       __imp__gethostbyname@4     00587a38     WS2_32:WS2_32.dll
 0005:00000a3c       __imp__gethostbyaddr@12    00587a3c     WS2_32:WS2_32.dll
 0005:00000a40       __imp__inet_ntoa@4         00587a40     WS2_32:WS2_32.dll
 0005:00000a44       __imp__inet_addr@4         00587a44     WS2_32:WS2_32.dll
 0005:00000a48       __imp__WSAStartup@8        00587a48     WS2_32:WS2_32.dll
 0005:00000a4c       __imp__WSACleanup@0        00587a4c     WS2_32:WS2_32.dll
 0005:00000a50       \177WS2_32_NULL_THUNK_DATA 00587a50     WS2_32:WS2_32.dll
 0006:00000000       __tls_start                00589000     MSVCRTD:tlssup.obj
 0006:00000108       ?buffer@rmxData@@0PADA     00589108     rmx sdk:rmxData.obj
 0006:00000158       ?extrmxmsg@@3UrmxMsg@@A    00589158     rmx_vs8_d:rmx_msg.obj
 0006:000002e9       __tls_end                  005892e9     MSVCRTD:tlssup.obj

 entry point at        0002:000016c1

